nohup: ignoring input
Working directory: /root/autodl-tmp/MokioMind/trainer
Log file: /root/autodl-tmp/MokioMind/训练记录/train_dpo_sum.log
Starting DPO training...
/root/autodl-tmp/MokioMind/trainer/train_dpo.py:308: FutureWarning: `torch.cuda.amp.autocast(args...)` is deprecated. Please use `torch.amp.autocast('cuda', args...)` instead.
  nullcontext() if device_type == "cpu" else torch.cuda.amp.autocast(dtype=dtype)
/root/autodl-tmp/MokioMind/trainer/train_dpo.py:344: FutureWarning: `torch.cuda.amp.GradScaler(args...)` is deprecated. Please use `torch.amp.GradScaler('cuda', args...)` instead.
  scaler = torch.cuda.amp.GradScaler(enabled=(args.dtype == "float16"))
所加载Model可训练参数：25.830 百万
策略模型总参数量：25.830 M
所加载Model可训练参数：25.830 百万
参考模型总参数量：25.830 M
Epoch:[1/1](10/2146) loss:0.655425 lr:0.000000039998 epoch_Time:4.0min:
Epoch:[1/1](20/2146) loss:0.630069 lr:0.000000039992 epoch_Time:3.0min:
Epoch:[1/1](30/2146) loss:0.662718 lr:0.000000039983 epoch_Time:3.0min:
Epoch:[1/1](40/2146) loss:0.616450 lr:0.000000039969 epoch_Time:3.0min:
Epoch:[1/1](50/2146) loss:0.923566 lr:0.000000039952 epoch_Time:2.0min:
Epoch:[1/1](60/2146) loss:0.723049 lr:0.000000039931 epoch_Time:2.0min:
Epoch:[1/1](70/2146) loss:0.690676 lr:0.000000039906 epoch_Time:2.0min:
Epoch:[1/1](80/2146) loss:0.684736 lr:0.000000039877 epoch_Time:2.0min:
Epoch:[1/1](90/2146) loss:0.532079 lr:0.000000039844 epoch_Time:2.0min:
Epoch:[1/1](100/2146) loss:0.632169 lr:0.000000039807 epoch_Time:2.0min:
Epoch:[1/1](110/2146) loss:0.714612 lr:0.000000039767 epoch_Time:2.0min:
Epoch:[1/1](120/2146) loss:0.667068 lr:0.000000039723 epoch_Time:2.0min:
Epoch:[1/1](130/2146) loss:0.736736 lr:0.000000039675 epoch_Time:2.0min:
Epoch:[1/1](140/2146) loss:0.636052 lr:0.000000039623 epoch_Time:2.0min:
Epoch:[1/1](150/2146) loss:0.607617 lr:0.000000039568 epoch_Time:2.0min:
Epoch:[1/1](160/2146) loss:0.768035 lr:0.000000039508 epoch_Time:2.0min:
Epoch:[1/1](170/2146) loss:0.722904 lr:0.000000039445 epoch_Time:2.0min:
Epoch:[1/1](180/2146) loss:0.764370 lr:0.000000039379 epoch_Time:2.0min:
Epoch:[1/1](190/2146) loss:0.679212 lr:0.000000039308 epoch_Time:2.0min:
Epoch:[1/1](200/2146) loss:0.580948 lr:0.000000039234 epoch_Time:2.0min:
Epoch:[1/1](210/2146) loss:0.633903 lr:0.000000039156 epoch_Time:2.0min:
Epoch:[1/1](220/2146) loss:0.610979 lr:0.000000039075 epoch_Time:2.0min:
Epoch:[1/1](230/2146) loss:0.952099 lr:0.000000038989 epoch_Time:2.0min:
Epoch:[1/1](240/2146) loss:0.678261 lr:0.000000038900 epoch_Time:2.0min:
Epoch:[1/1](250/2146) loss:0.663978 lr:0.000000038808 epoch_Time:2.0min:
Epoch:[1/1](260/2146) loss:0.671497 lr:0.000000038712 epoch_Time:2.0min:
Epoch:[1/1](270/2146) loss:0.590547 lr:0.000000038612 epoch_Time:2.0min:
Epoch:[1/1](280/2146) loss:0.659261 lr:0.000000038509 epoch_Time:2.0min:
Epoch:[1/1](290/2146) loss:0.691214 lr:0.000000038402 epoch_Time:2.0min:
Epoch:[1/1](300/2146) loss:0.632653 lr:0.000000038292 epoch_Time:2.0min:
Epoch:[1/1](310/2146) loss:0.536342 lr:0.000000038178 epoch_Time:2.0min:
Epoch:[1/1](320/2146) loss:0.558480 lr:0.000000038061 epoch_Time:2.0min:
Epoch:[1/1](330/2146) loss:0.634593 lr:0.000000037940 epoch_Time:2.0min:
Epoch:[1/1](340/2146) loss:0.574004 lr:0.000000037816 epoch_Time:2.0min:
Epoch:[1/1](350/2146) loss:0.509008 lr:0.000000037688 epoch_Time:2.0min:
Epoch:[1/1](360/2146) loss:0.670212 lr:0.000000037558 epoch_Time:2.0min:
Epoch:[1/1](370/2146) loss:0.580794 lr:0.000000037423 epoch_Time:2.0min:
Epoch:[1/1](380/2146) loss:0.667010 lr:0.000000037286 epoch_Time:2.0min:
Epoch:[1/1](390/2146) loss:0.702610 lr:0.000000037145 epoch_Time:2.0min:
Epoch:[1/1](400/2146) loss:0.642636 lr:0.000000037001 epoch_Time:2.0min:
Epoch:[1/1](410/2146) loss:0.755160 lr:0.000000036854 epoch_Time:2.0min:
Epoch:[1/1](420/2146) loss:0.622102 lr:0.000000036703 epoch_Time:2.0min:
Epoch:[1/1](430/2146) loss:0.701605 lr:0.000000036550 epoch_Time:2.0min:
Epoch:[1/1](440/2146) loss:0.555109 lr:0.000000036393 epoch_Time:2.0min:
Epoch:[1/1](450/2146) loss:0.587110 lr:0.000000036233 epoch_Time:2.0min:
Epoch:[1/1](460/2146) loss:0.728257 lr:0.000000036071 epoch_Time:2.0min:
Epoch:[1/1](470/2146) loss:0.651395 lr:0.000000035905 epoch_Time:2.0min:
Epoch:[1/1](480/2146) loss:0.548150 lr:0.000000035736 epoch_Time:2.0min:
Epoch:[1/1](490/2146) loss:0.592791 lr:0.000000035564 epoch_Time:2.0min:
Epoch:[1/1](500/2146) loss:0.629558 lr:0.000000035390 epoch_Time:2.0min:
Epoch:[1/1](510/2146) loss:0.681611 lr:0.000000035212 epoch_Time:2.0min:
Epoch:[1/1](520/2146) loss:0.733740 lr:0.000000035032 epoch_Time:2.0min:
Epoch:[1/1](530/2146) loss:0.595746 lr:0.000000034848 epoch_Time:2.0min:
Epoch:[1/1](540/2146) loss:0.584245 lr:0.000000034663 epoch_Time:2.0min:
Epoch:[1/1](550/2146) loss:0.712695 lr:0.000000034474 epoch_Time:2.0min:
Epoch:[1/1](560/2146) loss:0.719382 lr:0.000000034283 epoch_Time:2.0min:
Epoch:[1/1](570/2146) loss:0.555796 lr:0.000000034089 epoch_Time:2.0min:
Epoch:[1/1](580/2146) loss:0.696123 lr:0.000000033892 epoch_Time:2.0min:
Epoch:[1/1](590/2146) loss:0.729623 lr:0.000000033693 epoch_Time:2.0min:
Epoch:[1/1](600/2146) loss:0.532732 lr:0.000000033491 epoch_Time:2.0min:
Epoch:[1/1](610/2146) loss:0.707253 lr:0.000000033287 epoch_Time:2.0min:
Epoch:[1/1](620/2146) loss:0.581971 lr:0.000000033081 epoch_Time:2.0min:
Epoch:[1/1](630/2146) loss:0.537285 lr:0.000000032872 epoch_Time:2.0min:
Epoch:[1/1](640/2146) loss:0.645648 lr:0.000000032661 epoch_Time:2.0min:
Epoch:[1/1](650/2146) loss:0.685770 lr:0.000000032448 epoch_Time:2.0min:
Epoch:[1/1](660/2146) loss:0.611524 lr:0.000000032232 epoch_Time:2.0min:
Epoch:[1/1](670/2146) loss:0.603526 lr:0.000000032014 epoch_Time:2.0min:
Epoch:[1/1](680/2146) loss:0.605041 lr:0.000000031794 epoch_Time:2.0min:
Epoch:[1/1](690/2146) loss:0.609544 lr:0.000000031572 epoch_Time:2.0min:
Epoch:[1/1](700/2146) loss:0.673593 lr:0.000000031348 epoch_Time:2.0min:
Epoch:[1/1](710/2146) loss:0.640975 lr:0.000000031121 epoch_Time:2.0min:
Epoch:[1/1](720/2146) loss:0.679335 lr:0.000000030893 epoch_Time:2.0min:
Epoch:[1/1](730/2146) loss:0.663698 lr:0.000000030663 epoch_Time:2.0min:
Epoch:[1/1](740/2146) loss:0.544872 lr:0.000000030431 epoch_Time:2.0min:
Epoch:[1/1](750/2146) loss:0.696666 lr:0.000000030198 epoch_Time:2.0min:
Epoch:[1/1](760/2146) loss:0.697936 lr:0.000000029962 epoch_Time:2.0min:
Epoch:[1/1](770/2146) loss:0.652008 lr:0.000000029725 epoch_Time:2.0min:
Epoch:[1/1](780/2146) loss:0.671860 lr:0.000000029486 epoch_Time:2.0min:
Epoch:[1/1](790/2146) loss:0.627078 lr:0.000000029246 epoch_Time:2.0min:
Epoch:[1/1](800/2146) loss:0.596787 lr:0.000000029004 epoch_Time:2.0min:
Epoch:[1/1](810/2146) loss:0.788405 lr:0.000000028760 epoch_Time:2.0min:
Epoch:[1/1](820/2146) loss:0.680151 lr:0.000000028515 epoch_Time:2.0min:
Epoch:[1/1](830/2146) loss:0.653269 lr:0.000000028269 epoch_Time:2.0min:
Epoch:[1/1](840/2146) loss:0.646816 lr:0.000000028021 epoch_Time:2.0min:
Epoch:[1/1](850/2146) loss:0.584775 lr:0.000000027772 epoch_Time:2.0min:
Epoch:[1/1](860/2146) loss:0.662227 lr:0.000000027522 epoch_Time:2.0min:
Epoch:[1/1](870/2146) loss:0.697545 lr:0.000000027271 epoch_Time:2.0min:
Epoch:[1/1](880/2146) loss:0.674606 lr:0.000000027018 epoch_Time:2.0min:
Epoch:[1/1](890/2146) loss:0.726089 lr:0.000000026765 epoch_Time:2.0min:
Epoch:[1/1](900/2146) loss:0.504428 lr:0.000000026510 epoch_Time:1.0min:
Epoch:[1/1](910/2146) loss:0.934777 lr:0.000000026255 epoch_Time:1.0min:
Epoch:[1/1](920/2146) loss:0.686298 lr:0.000000025998 epoch_Time:1.0min:
Epoch:[1/1](930/2146) loss:0.638106 lr:0.000000025741 epoch_Time:1.0min:
Epoch:[1/1](940/2146) loss:0.605363 lr:0.000000025483 epoch_Time:1.0min:
Epoch:[1/1](950/2146) loss:0.657537 lr:0.000000025224 epoch_Time:1.0min:
Epoch:[1/1](960/2146) loss:0.655611 lr:0.000000024964 epoch_Time:1.0min:
Epoch:[1/1](970/2146) loss:0.642337 lr:0.000000024704 epoch_Time:1.0min:
Epoch:[1/1](980/2146) loss:0.631254 lr:0.000000024443 epoch_Time:1.0min:
Epoch:[1/1](990/2146) loss:0.685436 lr:0.000000024182 epoch_Time:1.0min:
Epoch:[1/1](1000/2146) loss:0.682582 lr:0.000000023920 epoch_Time:1.0min:
Epoch:[1/1](1010/2146) loss:0.768115 lr:0.000000023658 epoch_Time:1.0min:
Epoch:[1/1](1020/2146) loss:0.695659 lr:0.000000023395 epoch_Time:1.0min:
Epoch:[1/1](1030/2146) loss:0.660883 lr:0.000000023132 epoch_Time:1.0min:
Epoch:[1/1](1040/2146) loss:0.721289 lr:0.000000022869 epoch_Time:1.0min:
Epoch:[1/1](1050/2146) loss:0.754467 lr:0.000000022606 epoch_Time:1.0min:
Epoch:[1/1](1060/2146) loss:0.726487 lr:0.000000022343 epoch_Time:1.0min:
Epoch:[1/1](1070/2146) loss:0.585174 lr:0.000000022079 epoch_Time:1.0min:
Epoch:[1/1](1080/2146) loss:0.771774 lr:0.000000021816 epoch_Time:1.0min:
Epoch:[1/1](1090/2146) loss:0.655197 lr:0.000000021552 epoch_Time:1.0min:
Epoch:[1/1](1100/2146) loss:0.679471 lr:0.000000021289 epoch_Time:1.0min:
Epoch:[1/1](1110/2146) loss:0.606423 lr:0.000000021025 epoch_Time:1.0min:
Epoch:[1/1](1120/2146) loss:0.509614 lr:0.000000020762 epoch_Time:1.0min:
Epoch:[1/1](1130/2146) loss:0.702614 lr:0.000000020500 epoch_Time:1.0min:
Epoch:[1/1](1140/2146) loss:0.636771 lr:0.000000020237 epoch_Time:1.0min:
Epoch:[1/1](1150/2146) loss:0.540581 lr:0.000000019975 epoch_Time:1.0min:
Epoch:[1/1](1160/2146) loss:0.622954 lr:0.000000019714 epoch_Time:1.0min:
Epoch:[1/1](1170/2146) loss:0.565849 lr:0.000000019453 epoch_Time:1.0min:
Epoch:[1/1](1180/2146) loss:0.679418 lr:0.000000019192 epoch_Time:1.0min:
Epoch:[1/1](1190/2146) loss:0.623056 lr:0.000000018932 epoch_Time:1.0min:
Epoch:[1/1](1200/2146) loss:0.619176 lr:0.000000018673 epoch_Time:1.0min:
Epoch:[1/1](1210/2146) loss:0.672606 lr:0.000000018414 epoch_Time:1.0min:
Epoch:[1/1](1220/2146) loss:0.647878 lr:0.000000018156 epoch_Time:1.0min:
Epoch:[1/1](1230/2146) loss:0.627964 lr:0.000000017899 epoch_Time:1.0min:
Epoch:[1/1](1240/2146) loss:0.615324 lr:0.000000017643 epoch_Time:1.0min:
Epoch:[1/1](1250/2146) loss:0.645247 lr:0.000000017388 epoch_Time:1.0min:
Epoch:[1/1](1260/2146) loss:0.663299 lr:0.000000017134 epoch_Time:1.0min:
Epoch:[1/1](1270/2146) loss:0.629809 lr:0.000000016881 epoch_Time:1.0min:
Epoch:[1/1](1280/2146) loss:0.610671 lr:0.000000016628 epoch_Time:1.0min:
Epoch:[1/1](1290/2146) loss:0.656005 lr:0.000000016378 epoch_Time:1.0min:
Epoch:[1/1](1300/2146) loss:0.701920 lr:0.000000016128 epoch_Time:1.0min:
Epoch:[1/1](1310/2146) loss:0.576197 lr:0.000000015879 epoch_Time:1.0min:
Epoch:[1/1](1320/2146) loss:0.637280 lr:0.000000015632 epoch_Time:1.0min:
Epoch:[1/1](1330/2146) loss:0.636639 lr:0.000000015387 epoch_Time:1.0min:
Epoch:[1/1](1340/2146) loss:0.701732 lr:0.000000015142 epoch_Time:1.0min:
Epoch:[1/1](1350/2146) loss:0.622728 lr:0.000000014899 epoch_Time:1.0min:
Epoch:[1/1](1360/2146) loss:0.675065 lr:0.000000014658 epoch_Time:1.0min:
Epoch:[1/1](1370/2146) loss:0.578755 lr:0.000000014418 epoch_Time:1.0min:
Epoch:[1/1](1380/2146) loss:0.622360 lr:0.000000014180 epoch_Time:1.0min:
Epoch:[1/1](1390/2146) loss:0.610664 lr:0.000000013943 epoch_Time:1.0min:
Epoch:[1/1](1400/2146) loss:0.634234 lr:0.000000013709 epoch_Time:1.0min:
Epoch:[1/1](1410/2146) loss:0.482051 lr:0.000000013476 epoch_Time:1.0min:
Epoch:[1/1](1420/2146) loss:0.691551 lr:0.000000013245 epoch_Time:1.0min:
Epoch:[1/1](1430/2146) loss:0.705140 lr:0.000000013015 epoch_Time:1.0min:
Epoch:[1/1](1440/2146) loss:0.614713 lr:0.000000012788 epoch_Time:1.0min:
Epoch:[1/1](1450/2146) loss:0.658081 lr:0.000000012562 epoch_Time:1.0min:
Epoch:[1/1](1460/2146) loss:0.650104 lr:0.000000012339 epoch_Time:1.0min:
Epoch:[1/1](1470/2146) loss:0.658064 lr:0.000000012118 epoch_Time:1.0min:
Epoch:[1/1](1480/2146) loss:0.690293 lr:0.000000011899 epoch_Time:1.0min:
Epoch:[1/1](1490/2146) loss:0.690953 lr:0.000000011682 epoch_Time:1.0min:
Epoch:[1/1](1500/2146) loss:0.579843 lr:0.000000011467 epoch_Time:1.0min:
Epoch:[1/1](1510/2146) loss:0.705217 lr:0.000000011254 epoch_Time:1.0min:
Epoch:[1/1](1520/2146) loss:0.615047 lr:0.000000011044 epoch_Time:1.0min:
Epoch:[1/1](1530/2146) loss:0.608655 lr:0.000000010836 epoch_Time:1.0min:
Epoch:[1/1](1540/2146) loss:0.794261 lr:0.000000010631 epoch_Time:1.0min:
Epoch:[1/1](1550/2146) loss:0.641911 lr:0.000000010428 epoch_Time:1.0min:
Epoch:[1/1](1560/2146) loss:0.767039 lr:0.000000010227 epoch_Time:1.0min:
Epoch:[1/1](1570/2146) loss:0.823842 lr:0.000000010029 epoch_Time:1.0min:
Epoch:[1/1](1580/2146) loss:0.549474 lr:0.000000009833 epoch_Time:1.0min:
Epoch:[1/1](1590/2146) loss:0.665017 lr:0.000000009641 epoch_Time:1.0min:
Epoch:[1/1](1600/2146) loss:0.845554 lr:0.000000009450 epoch_Time:1.0min:
Epoch:[1/1](1610/2146) loss:0.670376 lr:0.000000009263 epoch_Time:1.0min:
Epoch:[1/1](1620/2146) loss:0.554225 lr:0.000000009078 epoch_Time:1.0min:
Epoch:[1/1](1630/2146) loss:0.556241 lr:0.000000008896 epoch_Time:1.0min:
Epoch:[1/1](1640/2146) loss:0.694063 lr:0.000000008717 epoch_Time:1.0min:
Epoch:[1/1](1650/2146) loss:0.612770 lr:0.000000008540 epoch_Time:1.0min:
Epoch:[1/1](1660/2146) loss:0.646797 lr:0.000000008367 epoch_Time:1.0min:
Epoch:[1/1](1670/2146) loss:0.671117 lr:0.000000008196 epoch_Time:1.0min:
Epoch:[1/1](1680/2146) loss:0.591632 lr:0.000000008029 epoch_Time:1.0min:
Epoch:[1/1](1690/2146) loss:0.536691 lr:0.000000007864 epoch_Time:1.0min:
Epoch:[1/1](1700/2146) loss:0.662811 lr:0.000000007702 epoch_Time:1.0min:
Epoch:[1/1](1710/2146) loss:0.646182 lr:0.000000007544 epoch_Time:1.0min:
Epoch:[1/1](1720/2146) loss:0.642283 lr:0.000000007388 epoch_Time:1.0min:
Epoch:[1/1](1730/2146) loss:0.641776 lr:0.000000007236 epoch_Time:1.0min:
Epoch:[1/1](1740/2146) loss:0.679660 lr:0.000000007087 epoch_Time:1.0min:
Epoch:[1/1](1750/2146) loss:0.607503 lr:0.000000006941 epoch_Time:1.0min:
Epoch:[1/1](1760/2146) loss:0.626646 lr:0.000000006798 epoch_Time:1.0min:
Epoch:[1/1](1770/2146) loss:0.729553 lr:0.000000006659 epoch_Time:1.0min:
Epoch:[1/1](1780/2146) loss:0.580594 lr:0.000000006522 epoch_Time:1.0min:
Epoch:[1/1](1790/2146) loss:0.690193 lr:0.000000006390 epoch_Time:1.0min:
Epoch:[1/1](1800/2146) loss:0.692374 lr:0.000000006260 epoch_Time:0.0min:
Epoch:[1/1](1810/2146) loss:0.579809 lr:0.000000006134 epoch_Time:0.0min:
Epoch:[1/1](1820/2146) loss:0.603652 lr:0.000000006011 epoch_Time:0.0min:
Epoch:[1/1](1830/2146) loss:0.609836 lr:0.000000005892 epoch_Time:0.0min:
Epoch:[1/1](1840/2146) loss:0.781184 lr:0.000000005776 epoch_Time:0.0min:
Epoch:[1/1](1850/2146) loss:0.651034 lr:0.000000005664 epoch_Time:0.0min:
Epoch:[1/1](1860/2146) loss:0.610076 lr:0.000000005555 epoch_Time:0.0min:
Epoch:[1/1](1870/2146) loss:0.643350 lr:0.000000005449 epoch_Time:0.0min:
Epoch:[1/1](1880/2146) loss:0.619693 lr:0.000000005348 epoch_Time:0.0min:
Epoch:[1/1](1890/2146) loss:0.643061 lr:0.000000005249 epoch_Time:0.0min:
Epoch:[1/1](1900/2146) loss:0.650189 lr:0.000000005155 epoch_Time:0.0min:
Epoch:[1/1](1910/2146) loss:0.705708 lr:0.000000005064 epoch_Time:0.0min:
Epoch:[1/1](1920/2146) loss:0.620040 lr:0.000000004976 epoch_Time:0.0min:
Epoch:[1/1](1930/2146) loss:0.692196 lr:0.000000004892 epoch_Time:0.0min:
Epoch:[1/1](1940/2146) loss:0.543164 lr:0.000000004812 epoch_Time:0.0min:
Epoch:[1/1](1950/2146) loss:0.613599 lr:0.000000004736 epoch_Time:0.0min:
Epoch:[1/1](1960/2146) loss:0.596879 lr:0.000000004663 epoch_Time:0.0min:
Epoch:[1/1](1970/2146) loss:0.662889 lr:0.000000004594 epoch_Time:0.0min:
Epoch:[1/1](1980/2146) loss:0.695191 lr:0.000000004529 epoch_Time:0.0min:
Epoch:[1/1](1990/2146) loss:0.716074 lr:0.000000004467 epoch_Time:0.0min:
Epoch:[1/1](2000/2146) loss:0.720911 lr:0.000000004410 epoch_Time:0.0min:
Epoch:[1/1](2010/2146) loss:0.609689 lr:0.000000004356 epoch_Time:0.0min:
Epoch:[1/1](2020/2146) loss:0.623756 lr:0.000000004305 epoch_Time:0.0min:
Epoch:[1/1](2030/2146) loss:0.649105 lr:0.000000004259 epoch_Time:0.0min:
Epoch:[1/1](2040/2146) loss:0.735624 lr:0.000000004216 epoch_Time:0.0min:
Epoch:[1/1](2050/2146) loss:0.597519 lr:0.000000004177 epoch_Time:0.0min:
Epoch:[1/1](2060/2146) loss:0.579309 lr:0.000000004142 epoch_Time:0.0min:
Epoch:[1/1](2070/2146) loss:0.658558 lr:0.000000004111 epoch_Time:0.0min:
Epoch:[1/1](2080/2146) loss:0.649366 lr:0.000000004084 epoch_Time:0.0min:
Epoch:[1/1](2090/2146) loss:0.758177 lr:0.000000004060 epoch_Time:0.0min:
Epoch:[1/1](2100/2146) loss:0.623924 lr:0.000000004041 epoch_Time:0.0min:
Epoch:[1/1](2110/2146) loss:0.523625 lr:0.000000004025 epoch_Time:0.0min:
Epoch:[1/1](2120/2146) loss:0.674436 lr:0.000000004013 epoch_Time:0.0min:
Epoch:[1/1](2130/2146) loss:0.668715 lr:0.000000004005 epoch_Time:0.0min:
Epoch:[1/1](2140/2146) loss:0.620064 lr:0.000000004001 epoch_Time:0.0min:
Epoch:[1/1](2146/2146) loss:0.655184 lr:0.000000004000 epoch_Time:0.0min:
