/root/autodl-tmp/MokioMind/trainer/train_dpo.py:309: FutureWarning: `torch.cuda.amp.autocast(args...)` is deprecated. Please use `torch.amp.autocast('cuda', args...)` instead.
  nullcontext() if device_type == "cpu" else torch.cuda.amp.autocast(dtype=dtype)
所加载Model可训练参数：25.830 百万
策略模型总参数量：25.830 M
所加载Model可训练参数：25.830 百万
参考模型总参数量：25.830 M

Generating train split: 0 examples [00:00, ? examples/s]
Generating train split: 2518 examples [00:00, 23120.24 examples/s]
Generating train split: 9323 examples [00:00, 30881.81 examples/s]
Generating train split: 13019 examples [00:00, 32214.56 examples/s]
Generating train split: 16719 examples [00:00, 33440.61 examples/s]
Generating train split: 17166 examples [00:00, 31852.61 examples/s]
/root/autodl-tmp/MokioMind/trainer/train_dpo.py:345: FutureWarning: `torch.cuda.amp.GradScaler(args...)` is deprecated. Please use `torch.amp.GradScaler('cuda', args...)` instead.
  scaler = torch.cuda.amp.GradScaler(enabled=(args.dtype == "float16"))
Epoch:[1/1](10/2146) loss:0.692544 lr:0.000000039998 epoch_Time:4.0min:
Epoch:[1/1](20/2146) loss:0.694379 lr:0.000000039992 epoch_Time:3.0min:
Epoch:[1/1](30/2146) loss:0.692325 lr:0.000000039983 epoch_Time:3.0min:
Epoch:[1/1](40/2146) loss:0.695627 lr:0.000000039969 epoch_Time:3.0min:
Epoch:[1/1](50/2146) loss:0.693252 lr:0.000000039952 epoch_Time:2.0min:
Epoch:[1/1](60/2146) loss:0.692928 lr:0.000000039931 epoch_Time:2.0min:
Epoch:[1/1](70/2146) loss:0.692802 lr:0.000000039906 epoch_Time:2.0min:
Epoch:[1/1](80/2146) loss:0.692973 lr:0.000000039877 epoch_Time:2.0min:
Epoch:[1/1](90/2146) loss:0.691303 lr:0.000000039844 epoch_Time:2.0min:
Epoch:[1/1](100/2146) loss:0.693212 lr:0.000000039807 epoch_Time:2.0min:
Epoch:[1/1](110/2146) loss:0.693126 lr:0.000000039767 epoch_Time:2.0min:
Epoch:[1/1](120/2146) loss:0.692307 lr:0.000000039723 epoch_Time:2.0min:
Epoch:[1/1](130/2146) loss:0.693495 lr:0.000000039675 epoch_Time:2.0min:
Epoch:[1/1](140/2146) loss:0.691363 lr:0.000000039623 epoch_Time:2.0min:
Epoch:[1/1](150/2146) loss:0.690265 lr:0.000000039568 epoch_Time:2.0min:
Epoch:[1/1](160/2146) loss:0.697293 lr:0.000000039508 epoch_Time:2.0min:
Epoch:[1/1](170/2146) loss:0.693783 lr:0.000000039445 epoch_Time:2.0min:
Epoch:[1/1](180/2146) loss:0.691745 lr:0.000000039379 epoch_Time:2.0min:
Epoch:[1/1](190/2146) loss:0.688909 lr:0.000000039308 epoch_Time:2.0min:
Epoch:[1/1](200/2146) loss:0.691619 lr:0.000000039234 epoch_Time:2.0min:
Epoch:[1/1](210/2146) loss:0.691515 lr:0.000000039156 epoch_Time:2.0min:
Epoch:[1/1](220/2146) loss:0.692971 lr:0.000000039075 epoch_Time:2.0min:
Epoch:[1/1](230/2146) loss:0.696277 lr:0.000000038989 epoch_Time:2.0min:
Epoch:[1/1](240/2146) loss:0.690973 lr:0.000000038900 epoch_Time:2.0min:
Epoch:[1/1](250/2146) loss:0.694078 lr:0.000000038808 epoch_Time:2.0min:
Epoch:[1/1](260/2146) loss:0.691640 lr:0.000000038712 epoch_Time:2.0min:
Epoch:[1/1](270/2146) loss:0.692445 lr:0.000000038612 epoch_Time:2.0min:
Epoch:[1/1](280/2146) loss:0.691893 lr:0.000000038509 epoch_Time:2.0min:
Epoch:[1/1](290/2146) loss:0.690883 lr:0.000000038402 epoch_Time:2.0min:
Epoch:[1/1](300/2146) loss:0.693984 lr:0.000000038292 epoch_Time:2.0min:
Epoch:[1/1](310/2146) loss:0.692281 lr:0.000000038178 epoch_Time:2.0min:
Epoch:[1/1](320/2146) loss:0.692178 lr:0.000000038061 epoch_Time:2.0min:
Epoch:[1/1](330/2146) loss:0.694666 lr:0.000000037940 epoch_Time:2.0min:
Epoch:[1/1](340/2146) loss:0.687740 lr:0.000000037816 epoch_Time:2.0min:
Epoch:[1/1](350/2146) loss:0.693076 lr:0.000000037688 epoch_Time:2.0min:
Epoch:[1/1](360/2146) loss:0.692723 lr:0.000000037558 epoch_Time:2.0min:
Epoch:[1/1](370/2146) loss:0.690857 lr:0.000000037423 epoch_Time:2.0min:
Epoch:[1/1](380/2146) loss:0.692542 lr:0.000000037286 epoch_Time:2.0min:
Epoch:[1/1](390/2146) loss:0.692153 lr:0.000000037145 epoch_Time:2.0min:
Epoch:[1/1](400/2146) loss:0.692445 lr:0.000000037001 epoch_Time:2.0min:
Epoch:[1/1](410/2146) loss:0.693792 lr:0.000000036854 epoch_Time:2.0min:
Epoch:[1/1](420/2146) loss:0.691712 lr:0.000000036703 epoch_Time:2.0min:
Epoch:[1/1](430/2146) loss:0.694248 lr:0.000000036550 epoch_Time:2.0min:
Epoch:[1/1](440/2146) loss:0.690701 lr:0.000000036393 epoch_Time:2.0min:
Epoch:[1/1](450/2146) loss:0.693854 lr:0.000000036233 epoch_Time:2.0min:
Epoch:[1/1](460/2146) loss:0.691718 lr:0.000000036071 epoch_Time:2.0min:
Epoch:[1/1](470/2146) loss:0.696501 lr:0.000000035905 epoch_Time:2.0min:
Epoch:[1/1](480/2146) loss:0.693198 lr:0.000000035736 epoch_Time:2.0min:
Epoch:[1/1](490/2146) loss:0.693077 lr:0.000000035564 epoch_Time:2.0min:
Epoch:[1/1](500/2146) loss:0.690579 lr:0.000000035390 epoch_Time:2.0min:
Epoch:[1/1](510/2146) loss:0.693511 lr:0.000000035212 epoch_Time:2.0min:
Epoch:[1/1](520/2146) loss:0.692571 lr:0.000000035032 epoch_Time:2.0min:
Epoch:[1/1](530/2146) loss:0.692301 lr:0.000000034848 epoch_Time:2.0min:
Epoch:[1/1](540/2146) loss:0.695335 lr:0.000000034663 epoch_Time:2.0min:
Epoch:[1/1](550/2146) loss:0.692873 lr:0.000000034474 epoch_Time:2.0min:
Epoch:[1/1](560/2146) loss:0.690022 lr:0.000000034283 epoch_Time:2.0min:
Epoch:[1/1](570/2146) loss:0.691668 lr:0.000000034089 epoch_Time:2.0min:
Epoch:[1/1](580/2146) loss:0.694091 lr:0.000000033892 epoch_Time:2.0min:
Epoch:[1/1](590/2146) loss:0.696735 lr:0.000000033693 epoch_Time:2.0min:
Epoch:[1/1](600/2146) loss:0.691442 lr:0.000000033491 epoch_Time:2.0min:
Epoch:[1/1](610/2146) loss:0.695080 lr:0.000000033287 epoch_Time:2.0min:
Epoch:[1/1](620/2146) loss:0.692457 lr:0.000000033081 epoch_Time:2.0min:
Epoch:[1/1](630/2146) loss:0.690992 lr:0.000000032872 epoch_Time:2.0min:
Epoch:[1/1](640/2146) loss:0.695037 lr:0.000000032661 epoch_Time:2.0min:
Epoch:[1/1](650/2146) loss:0.692479 lr:0.000000032448 epoch_Time:2.0min:
Epoch:[1/1](660/2146) loss:0.691933 lr:0.000000032232 epoch_Time:2.0min:
Epoch:[1/1](670/2146) loss:0.692386 lr:0.000000032014 epoch_Time:2.0min:
Epoch:[1/1](680/2146) loss:0.691562 lr:0.000000031794 epoch_Time:2.0min:
Epoch:[1/1](690/2146) loss:0.691806 lr:0.000000031572 epoch_Time:2.0min:
Epoch:[1/1](700/2146) loss:0.692774 lr:0.000000031348 epoch_Time:2.0min:
Epoch:[1/1](710/2146) loss:0.693683 lr:0.000000031121 epoch_Time:2.0min:
Epoch:[1/1](720/2146) loss:0.691845 lr:0.000000030893 epoch_Time:2.0min:
Epoch:[1/1](730/2146) loss:0.693834 lr:0.000000030663 epoch_Time:2.0min:
Epoch:[1/1](740/2146) loss:0.692415 lr:0.000000030431 epoch_Time:2.0min:
Epoch:[1/1](750/2146) loss:0.693806 lr:0.000000030198 epoch_Time:2.0min:
Epoch:[1/1](760/2146) loss:0.692890 lr:0.000000029962 epoch_Time:2.0min:
Epoch:[1/1](770/2146) loss:0.691603 lr:0.000000029725 epoch_Time:2.0min:
Epoch:[1/1](780/2146) loss:0.692347 lr:0.000000029486 epoch_Time:2.0min:
Epoch:[1/1](790/2146) loss:0.689075 lr:0.000000029246 epoch_Time:2.0min:
Epoch:[1/1](800/2146) loss:0.690446 lr:0.000000029004 epoch_Time:2.0min:
Epoch:[1/1](810/2146) loss:0.692787 lr:0.000000028760 epoch_Time:2.0min:
Epoch:[1/1](820/2146) loss:0.692863 lr:0.000000028515 epoch_Time:2.0min:
Epoch:[1/1](830/2146) loss:0.691565 lr:0.000000028269 epoch_Time:2.0min:
Epoch:[1/1](840/2146) loss:0.693091 lr:0.000000028021 epoch_Time:2.0min:
Epoch:[1/1](850/2146) loss:0.691652 lr:0.000000027772 epoch_Time:2.0min:
Epoch:[1/1](860/2146) loss:0.691996 lr:0.000000027522 epoch_Time:2.0min:
Epoch:[1/1](870/2146) loss:0.690310 lr:0.000000027271 epoch_Time:2.0min:
Epoch:[1/1](880/2146) loss:0.691658 lr:0.000000027018 epoch_Time:2.0min:
Epoch:[1/1](890/2146) loss:0.695282 lr:0.000000026765 epoch_Time:2.0min:
Epoch:[1/1](900/2146) loss:0.689201 lr:0.000000026510 epoch_Time:2.0min:
Epoch:[1/1](910/2146) loss:0.696244 lr:0.000000026255 epoch_Time:2.0min:
Epoch:[1/1](920/2146) loss:0.692892 lr:0.000000025998 epoch_Time:2.0min:
Epoch:[1/1](930/2146) loss:0.693267 lr:0.000000025741 epoch_Time:1.0min:
Epoch:[1/1](940/2146) loss:0.692645 lr:0.000000025483 epoch_Time:1.0min:
Epoch:[1/1](950/2146) loss:0.689961 lr:0.000000025224 epoch_Time:1.0min:
Epoch:[1/1](960/2146) loss:0.692277 lr:0.000000024964 epoch_Time:1.0min:
Epoch:[1/1](970/2146) loss:0.692444 lr:0.000000024704 epoch_Time:1.0min:
Epoch:[1/1](980/2146) loss:0.692695 lr:0.000000024443 epoch_Time:1.0min:
Epoch:[1/1](990/2146) loss:0.695058 lr:0.000000024182 epoch_Time:1.0min:
Epoch:[1/1](1000/2146) loss:0.692133 lr:0.000000023920 epoch_Time:1.0min:
Epoch:[1/1](1010/2146) loss:0.692980 lr:0.000000023658 epoch_Time:1.0min:
Epoch:[1/1](1020/2146) loss:0.688769 lr:0.000000023395 epoch_Time:1.0min:
Epoch:[1/1](1030/2146) loss:0.692040 lr:0.000000023132 epoch_Time:1.0min:
Epoch:[1/1](1040/2146) loss:0.693557 lr:0.000000022869 epoch_Time:1.0min:
Epoch:[1/1](1050/2146) loss:0.696958 lr:0.000000022606 epoch_Time:1.0min:
Epoch:[1/1](1060/2146) loss:0.692888 lr:0.000000022343 epoch_Time:1.0min:
Epoch:[1/1](1070/2146) loss:0.689402 lr:0.000000022079 epoch_Time:1.0min:
Epoch:[1/1](1080/2146) loss:0.689857 lr:0.000000021816 epoch_Time:1.0min:
Epoch:[1/1](1090/2146) loss:0.691605 lr:0.000000021552 epoch_Time:1.0min:
Epoch:[1/1](1100/2146) loss:0.694294 lr:0.000000021289 epoch_Time:1.0min:
Epoch:[1/1](1110/2146) loss:0.694722 lr:0.000000021025 epoch_Time:1.0min:
Epoch:[1/1](1120/2146) loss:0.687090 lr:0.000000020762 epoch_Time:1.0min:
Epoch:[1/1](1130/2146) loss:0.696074 lr:0.000000020500 epoch_Time:1.0min:
Epoch:[1/1](1140/2146) loss:0.693218 lr:0.000000020237 epoch_Time:1.0min:
Epoch:[1/1](1150/2146) loss:0.691419 lr:0.000000019975 epoch_Time:1.0min:
Epoch:[1/1](1160/2146) loss:0.697039 lr:0.000000019714 epoch_Time:1.0min:
Epoch:[1/1](1170/2146) loss:0.691002 lr:0.000000019453 epoch_Time:1.0min:
Epoch:[1/1](1180/2146) loss:0.692549 lr:0.000000019192 epoch_Time:1.0min:
Epoch:[1/1](1190/2146) loss:0.691667 lr:0.000000018932 epoch_Time:1.0min:
Epoch:[1/1](1200/2146) loss:0.690767 lr:0.000000018673 epoch_Time:1.0min:
Epoch:[1/1](1210/2146) loss:0.698385 lr:0.000000018414 epoch_Time:1.0min:
Epoch:[1/1](1220/2146) loss:0.692038 lr:0.000000018156 epoch_Time:1.0min:
Epoch:[1/1](1230/2146) loss:0.694076 lr:0.000000017899 epoch_Time:1.0min:
Epoch:[1/1](1240/2146) loss:0.693066 lr:0.000000017643 epoch_Time:1.0min:
Epoch:[1/1](1250/2146) loss:0.694927 lr:0.000000017388 epoch_Time:1.0min:
Epoch:[1/1](1260/2146) loss:0.693479 lr:0.000000017134 epoch_Time:1.0min:
Epoch:[1/1](1270/2146) loss:0.693605 lr:0.000000016881 epoch_Time:1.0min:
Epoch:[1/1](1280/2146) loss:0.694321 lr:0.000000016628 epoch_Time:1.0min:
Epoch:[1/1](1290/2146) loss:0.690180 lr:0.000000016378 epoch_Time:1.0min:
Epoch:[1/1](1300/2146) loss:0.694072 lr:0.000000016128 epoch_Time:1.0min:
Epoch:[1/1](1310/2146) loss:0.689740 lr:0.000000015879 epoch_Time:1.0min:
Epoch:[1/1](1320/2146) loss:0.691248 lr:0.000000015632 epoch_Time:1.0min:
Epoch:[1/1](1330/2146) loss:0.692285 lr:0.000000015387 epoch_Time:1.0min:
Epoch:[1/1](1340/2146) loss:0.692945 lr:0.000000015142 epoch_Time:1.0min:
Epoch:[1/1](1350/2146) loss:0.690484 lr:0.000000014899 epoch_Time:1.0min:
Epoch:[1/1](1360/2146) loss:0.687910 lr:0.000000014658 epoch_Time:1.0min:
Epoch:[1/1](1370/2146) loss:0.691825 lr:0.000000014418 epoch_Time:1.0min:
Epoch:[1/1](1380/2146) loss:0.694388 lr:0.000000014180 epoch_Time:1.0min:
Epoch:[1/1](1390/2146) loss:0.689520 lr:0.000000013943 epoch_Time:1.0min:
Epoch:[1/1](1400/2146) loss:0.692543 lr:0.000000013709 epoch_Time:1.0min:
Epoch:[1/1](1410/2146) loss:0.690220 lr:0.000000013476 epoch_Time:1.0min:
Epoch:[1/1](1420/2146) loss:0.694434 lr:0.000000013245 epoch_Time:1.0min:
Epoch:[1/1](1430/2146) loss:0.694077 lr:0.000000013015 epoch_Time:1.0min:
Epoch:[1/1](1440/2146) loss:0.692849 lr:0.000000012788 epoch_Time:1.0min:
Epoch:[1/1](1450/2146) loss:0.693623 lr:0.000000012562 epoch_Time:1.0min:
Epoch:[1/1](1460/2146) loss:0.693664 lr:0.000000012339 epoch_Time:1.0min:
Epoch:[1/1](1470/2146) loss:0.691786 lr:0.000000012118 epoch_Time:1.0min:
Epoch:[1/1](1480/2146) loss:0.693138 lr:0.000000011899 epoch_Time:1.0min:
Epoch:[1/1](1490/2146) loss:0.691741 lr:0.000000011682 epoch_Time:1.0min:
Epoch:[1/1](1500/2146) loss:0.689673 lr:0.000000011467 epoch_Time:1.0min:
Epoch:[1/1](1510/2146) loss:0.695655 lr:0.000000011254 epoch_Time:1.0min:
Epoch:[1/1](1520/2146) loss:0.692538 lr:0.000000011044 epoch_Time:1.0min:
Epoch:[1/1](1530/2146) loss:0.691166 lr:0.000000010836 epoch_Time:1.0min:
Epoch:[1/1](1540/2146) loss:0.694188 lr:0.000000010631 epoch_Time:1.0min:
Epoch:[1/1](1550/2146) loss:0.696351 lr:0.000000010428 epoch_Time:1.0min:
Epoch:[1/1](1560/2146) loss:0.693867 lr:0.000000010227 epoch_Time:1.0min:
Epoch:[1/1](1570/2146) loss:0.693251 lr:0.000000010029 epoch_Time:1.0min:
Epoch:[1/1](1580/2146) loss:0.693497 lr:0.000000009833 epoch_Time:1.0min:
Epoch:[1/1](1590/2146) loss:0.690733 lr:0.000000009641 epoch_Time:1.0min:
Epoch:[1/1](1600/2146) loss:0.693815 lr:0.000000009450 epoch_Time:1.0min:
Epoch:[1/1](1610/2146) loss:0.692689 lr:0.000000009263 epoch_Time:1.0min:
Epoch:[1/1](1620/2146) loss:0.691062 lr:0.000000009078 epoch_Time:1.0min:
Epoch:[1/1](1630/2146) loss:0.693466 lr:0.000000008896 epoch_Time:1.0min:
Epoch:[1/1](1640/2146) loss:0.692056 lr:0.000000008717 epoch_Time:1.0min:
Epoch:[1/1](1650/2146) loss:0.691244 lr:0.000000008540 epoch_Time:1.0min:
Epoch:[1/1](1660/2146) loss:0.691412 lr:0.000000008367 epoch_Time:1.0min:
Epoch:[1/1](1670/2146) loss:0.693142 lr:0.000000008196 epoch_Time:1.0min:
Epoch:[1/1](1680/2146) loss:0.691922 lr:0.000000008029 epoch_Time:1.0min:
Epoch:[1/1](1690/2146) loss:0.691056 lr:0.000000007864 epoch_Time:1.0min:
Epoch:[1/1](1700/2146) loss:0.691623 lr:0.000000007702 epoch_Time:1.0min:
Epoch:[1/1](1710/2146) loss:0.691549 lr:0.000000007544 epoch_Time:1.0min:
Epoch:[1/1](1720/2146) loss:0.690738 lr:0.000000007388 epoch_Time:1.0min:
Epoch:[1/1](1730/2146) loss:0.693282 lr:0.000000007236 epoch_Time:1.0min:
Epoch:[1/1](1740/2146) loss:0.692588 lr:0.000000007087 epoch_Time:1.0min:
Epoch:[1/1](1750/2146) loss:0.690909 lr:0.000000006941 epoch_Time:1.0min:
Epoch:[1/1](1760/2146) loss:0.692294 lr:0.000000006798 epoch_Time:1.0min:
Epoch:[1/1](1770/2146) loss:0.690597 lr:0.000000006659 epoch_Time:1.0min:
Epoch:[1/1](1780/2146) loss:0.693189 lr:0.000000006522 epoch_Time:1.0min:
Epoch:[1/1](1790/2146) loss:0.691577 lr:0.000000006390 epoch_Time:1.0min:
Epoch:[1/1](1800/2146) loss:0.695480 lr:0.000000006260 epoch_Time:1.0min:
Epoch:[1/1](1810/2146) loss:0.693410 lr:0.000000006134 epoch_Time:1.0min:
Epoch:[1/1](1820/2146) loss:0.690780 lr:0.000000006011 epoch_Time:1.0min:
Epoch:[1/1](1830/2146) loss:0.692634 lr:0.000000005892 epoch_Time:1.0min:
Epoch:[1/1](1840/2146) loss:0.694845 lr:0.000000005776 epoch_Time:0.0min:
Epoch:[1/1](1850/2146) loss:0.691951 lr:0.000000005664 epoch_Time:0.0min:
Epoch:[1/1](1860/2146) loss:0.690936 lr:0.000000005555 epoch_Time:0.0min:
Epoch:[1/1](1870/2146) loss:0.692345 lr:0.000000005449 epoch_Time:0.0min:
Epoch:[1/1](1880/2146) loss:0.690362 lr:0.000000005348 epoch_Time:0.0min:
Epoch:[1/1](1890/2146) loss:0.693995 lr:0.000000005249 epoch_Time:0.0min:
Epoch:[1/1](1900/2146) loss:0.692684 lr:0.000000005155 epoch_Time:0.0min:
Epoch:[1/1](1910/2146) loss:0.693026 lr:0.000000005064 epoch_Time:0.0min:
Epoch:[1/1](1920/2146) loss:0.687128 lr:0.000000004976 epoch_Time:0.0min:
Epoch:[1/1](1930/2146) loss:0.692262 lr:0.000000004892 epoch_Time:0.0min:
Epoch:[1/1](1940/2146) loss:0.682038 lr:0.000000004812 epoch_Time:0.0min:
Epoch:[1/1](1950/2146) loss:0.689483 lr:0.000000004736 epoch_Time:0.0min:
Epoch:[1/1](1960/2146) loss:0.690704 lr:0.000000004663 epoch_Time:0.0min:
Epoch:[1/1](1970/2146) loss:0.693627 lr:0.000000004594 epoch_Time:0.0min:
Epoch:[1/1](1980/2146) loss:0.692790 lr:0.000000004529 epoch_Time:0.0min:
Epoch:[1/1](1990/2146) loss:0.696511 lr:0.000000004467 epoch_Time:0.0min:
Epoch:[1/1](2000/2146) loss:0.693752 lr:0.000000004410 epoch_Time:0.0min:
Epoch:[1/1](2010/2146) loss:0.693314 lr:0.000000004356 epoch_Time:0.0min:
Epoch:[1/1](2020/2146) loss:0.693435 lr:0.000000004305 epoch_Time:0.0min:
Epoch:[1/1](2030/2146) loss:0.690953 lr:0.000000004259 epoch_Time:0.0min:
Epoch:[1/1](2040/2146) loss:0.693067 lr:0.000000004216 epoch_Time:0.0min:
Epoch:[1/1](2050/2146) loss:0.693511 lr:0.000000004177 epoch_Time:0.0min:
Epoch:[1/1](2060/2146) loss:0.686084 lr:0.000000004142 epoch_Time:0.0min:
Epoch:[1/1](2070/2146) loss:0.694165 lr:0.000000004111 epoch_Time:0.0min:
Epoch:[1/1](2080/2146) loss:0.693355 lr:0.000000004084 epoch_Time:0.0min:
Epoch:[1/1](2090/2146) loss:0.695436 lr:0.000000004060 epoch_Time:0.0min:
Epoch:[1/1](2100/2146) loss:0.691237 lr:0.000000004041 epoch_Time:0.0min:
Epoch:[1/1](2110/2146) loss:0.684090 lr:0.000000004025 epoch_Time:0.0min:
Epoch:[1/1](2120/2146) loss:0.693199 lr:0.000000004013 epoch_Time:0.0min:
Epoch:[1/1](2130/2146) loss:0.693267 lr:0.000000004005 epoch_Time:0.0min:
Epoch:[1/1](2140/2146) loss:0.694044 lr:0.000000004001 epoch_Time:0.0min:
Epoch:[1/1](2146/2146) loss:0.694196 lr:0.000000004000 epoch_Time:0.0min:
