/root/autodl-tmp/MokioMind/trainer/train_dpo.py:309: FutureWarning: `torch.cuda.amp.autocast(args...)` is deprecated. Please use `torch.amp.autocast('cuda', args...)` instead.
  nullcontext() if device_type == "cpu" else torch.cuda.amp.autocast(dtype=dtype)
/root/autodl-tmp/MokioMind/trainer/train_dpo.py:345: FutureWarning: `torch.cuda.amp.GradScaler(args...)` is deprecated. Please use `torch.amp.GradScaler('cuda', args...)` instead.
  scaler = torch.cuda.amp.GradScaler(enabled=(args.dtype == "float16"))
所加载Model可训练参数：25.830 百万
策略模型总参数量：25.830 M
所加载Model可训练参数：25.830 百万
参考模型总参数量：25.830 M
Epoch:[1/1](10/2146) loss:0.692468 lr:0.000000199990 epoch_Time:6.0min:
Epoch:[1/1](20/2146) loss:0.694349 lr:0.000000199961 epoch_Time:4.0min:
Epoch:[1/1](30/2146) loss:0.692257 lr:0.000000199913 epoch_Time:3.0min:
Epoch:[1/1](40/2146) loss:0.695606 lr:0.000000199846 epoch_Time:3.0min:
Epoch:[1/1](50/2146) loss:0.693361 lr:0.000000199759 epoch_Time:3.0min:
Epoch:[1/1](60/2146) loss:0.692964 lr:0.000000199653 epoch_Time:3.0min:
Epoch:[1/1](70/2146) loss:0.692710 lr:0.000000199528 epoch_Time:3.0min:
Epoch:[1/1](80/2146) loss:0.693009 lr:0.000000199383 epoch_Time:3.0min:
Epoch:[1/1](90/2146) loss:0.691227 lr:0.000000199220 epoch_Time:2.0min:
Epoch:[1/1](100/2146) loss:0.693214 lr:0.000000199037 epoch_Time:2.0min:
Epoch:[1/1](110/2146) loss:0.693094 lr:0.000000198836 epoch_Time:2.0min:
Epoch:[1/1](120/2146) loss:0.692362 lr:0.000000198615 epoch_Time:2.0min:
Epoch:[1/1](130/2146) loss:0.693498 lr:0.000000198375 epoch_Time:2.0min:
Epoch:[1/1](140/2146) loss:0.691354 lr:0.000000198116 epoch_Time:2.0min:
Epoch:[1/1](150/2146) loss:0.690133 lr:0.000000197839 epoch_Time:2.0min:
Epoch:[1/1](160/2146) loss:0.697445 lr:0.000000197542 epoch_Time:2.0min:
Epoch:[1/1](170/2146) loss:0.693792 lr:0.000000197227 epoch_Time:2.0min:
Epoch:[1/1](180/2146) loss:0.691644 lr:0.000000196893 epoch_Time:2.0min:
Epoch:[1/1](190/2146) loss:0.688887 lr:0.000000196541 epoch_Time:2.0min:
Epoch:[1/1](200/2146) loss:0.691468 lr:0.000000196170 epoch_Time:2.0min:
Epoch:[1/1](210/2146) loss:0.691553 lr:0.000000195780 epoch_Time:2.0min:
Epoch:[1/1](220/2146) loss:0.692962 lr:0.000000195373 epoch_Time:2.0min:
Epoch:[1/1](230/2146) loss:0.696536 lr:0.000000194946 epoch_Time:2.0min:
Epoch:[1/1](240/2146) loss:0.690949 lr:0.000000194502 epoch_Time:2.0min:
Epoch:[1/1](250/2146) loss:0.694310 lr:0.000000194040 epoch_Time:2.0min:
Epoch:[1/1](260/2146) loss:0.691609 lr:0.000000193559 epoch_Time:2.0min:
Epoch:[1/1](270/2146) loss:0.692494 lr:0.000000193061 epoch_Time:2.0min:
Epoch:[1/1](280/2146) loss:0.691908 lr:0.000000192544 epoch_Time:2.0min:
Epoch:[1/1](290/2146) loss:0.690747 lr:0.000000192011 epoch_Time:2.0min:
Epoch:[1/1](300/2146) loss:0.693989 lr:0.000000191459 epoch_Time:2.0min:
Epoch:[1/1](310/2146) loss:0.692320 lr:0.000000190890 epoch_Time:2.0min:
Epoch:[1/1](320/2146) loss:0.692151 lr:0.000000190304 epoch_Time:2.0min:
Epoch:[1/1](330/2146) loss:0.694725 lr:0.000000189700 epoch_Time:2.0min:
Epoch:[1/1](340/2146) loss:0.687410 lr:0.000000189080 epoch_Time:2.0min:
Epoch:[1/1](350/2146) loss:0.693200 lr:0.000000188442 epoch_Time:2.0min:
Epoch:[1/1](360/2146) loss:0.692752 lr:0.000000187788 epoch_Time:2.0min:
Epoch:[1/1](370/2146) loss:0.690714 lr:0.000000187117 epoch_Time:2.0min:
Epoch:[1/1](380/2146) loss:0.692509 lr:0.000000186430 epoch_Time:2.0min:
Epoch:[1/1](390/2146) loss:0.691981 lr:0.000000185726 epoch_Time:2.0min:
Epoch:[1/1](400/2146) loss:0.692462 lr:0.000000185006 epoch_Time:2.0min:
Epoch:[1/1](410/2146) loss:0.693941 lr:0.000000184269 epoch_Time:2.0min:
Epoch:[1/1](420/2146) loss:0.691642 lr:0.000000183517 epoch_Time:2.0min:
Epoch:[1/1](430/2146) loss:0.694407 lr:0.000000182750 epoch_Time:2.0min:
Epoch:[1/1](440/2146) loss:0.690482 lr:0.000000181966 epoch_Time:2.0min:
Epoch:[1/1](450/2146) loss:0.693841 lr:0.000000181167 epoch_Time:2.0min:
Epoch:[1/1](460/2146) loss:0.691615 lr:0.000000180353 epoch_Time:2.0min:
Epoch:[1/1](470/2146) loss:0.696747 lr:0.000000179524 epoch_Time:2.0min:
Epoch:[1/1](480/2146) loss:0.693208 lr:0.000000178680 epoch_Time:2.0min:
Epoch:[1/1](490/2146) loss:0.693045 lr:0.000000177821 epoch_Time:2.0min:
Epoch:[1/1](500/2146) loss:0.690300 lr:0.000000176948 epoch_Time:2.0min:
Epoch:[1/1](510/2146) loss:0.693598 lr:0.000000176060 epoch_Time:2.0min:
Epoch:[1/1](520/2146) loss:0.692307 lr:0.000000175158 epoch_Time:2.0min:
Epoch:[1/1](530/2146) loss:0.692210 lr:0.000000174242 epoch_Time:2.0min:
Epoch:[1/1](540/2146) loss:0.695311 lr:0.000000173313 epoch_Time:2.0min:
Epoch:[1/1](550/2146) loss:0.692712 lr:0.000000172370 epoch_Time:2.0min:
Epoch:[1/1](560/2146) loss:0.689921 lr:0.000000171413 epoch_Time:2.0min:
Epoch:[1/1](570/2146) loss:0.691517 lr:0.000000170443 epoch_Time:2.0min:
Epoch:[1/1](580/2146) loss:0.694154 lr:0.000000169461 epoch_Time:2.0min:
Epoch:[1/1](590/2146) loss:0.697152 lr:0.000000168465 epoch_Time:2.0min:
Epoch:[1/1](600/2146) loss:0.691250 lr:0.000000167457 epoch_Time:2.0min:
Epoch:[1/1](610/2146) loss:0.695246 lr:0.000000166437 epoch_Time:2.0min:
Epoch:[1/1](620/2146) loss:0.692337 lr:0.000000165405 epoch_Time:2.0min:
Epoch:[1/1](630/2146) loss:0.690871 lr:0.000000164361 epoch_Time:2.0min:
Epoch:[1/1](640/2146) loss:0.695220 lr:0.000000163305 epoch_Time:2.0min:
Epoch:[1/1](650/2146) loss:0.692087 lr:0.000000162238 epoch_Time:2.0min:
Epoch:[1/1](660/2146) loss:0.691681 lr:0.000000161159 epoch_Time:2.0min:
Epoch:[1/1](670/2146) loss:0.692224 lr:0.000000160070 epoch_Time:2.0min:
Epoch:[1/1](680/2146) loss:0.691371 lr:0.000000158970 epoch_Time:2.0min:
Epoch:[1/1](690/2146) loss:0.691567 lr:0.000000157859 epoch_Time:2.0min:
Epoch:[1/1](700/2146) loss:0.692827 lr:0.000000156738 epoch_Time:2.0min:
Epoch:[1/1](710/2146) loss:0.693921 lr:0.000000155607 epoch_Time:2.0min:
Epoch:[1/1](720/2146) loss:0.691581 lr:0.000000154466 epoch_Time:2.0min:
Epoch:[1/1](730/2146) loss:0.694040 lr:0.000000153316 epoch_Time:2.0min:
Epoch:[1/1](740/2146) loss:0.692123 lr:0.000000152157 epoch_Time:2.0min:
Epoch:[1/1](750/2146) loss:0.693956 lr:0.000000150988 epoch_Time:2.0min:
Epoch:[1/1](760/2146) loss:0.692692 lr:0.000000149811 epoch_Time:2.0min:
Epoch:[1/1](770/2146) loss:0.691430 lr:0.000000148625 epoch_Time:2.0min:
Epoch:[1/1](780/2146) loss:0.692064 lr:0.000000147431 epoch_Time:1.0min:
Epoch:[1/1](790/2146) loss:0.688159 lr:0.000000146229 epoch_Time:1.0min:
Epoch:[1/1](800/2146) loss:0.689916 lr:0.000000145019 epoch_Time:1.0min:
Epoch:[1/1](810/2146) loss:0.692735 lr:0.000000143801 epoch_Time:1.0min:
Epoch:[1/1](820/2146) loss:0.692778 lr:0.000000142577 epoch_Time:1.0min:
Epoch:[1/1](830/2146) loss:0.691284 lr:0.000000141345 epoch_Time:1.0min:
Epoch:[1/1](840/2146) loss:0.693113 lr:0.000000140107 epoch_Time:1.0min:
Epoch:[1/1](850/2146) loss:0.691256 lr:0.000000138862 epoch_Time:1.0min:
Epoch:[1/1](860/2146) loss:0.691916 lr:0.000000137611 epoch_Time:1.0min:
Epoch:[1/1](870/2146) loss:0.689948 lr:0.000000136354 epoch_Time:1.0min:
Epoch:[1/1](880/2146) loss:0.691419 lr:0.000000135091 epoch_Time:1.0min:
Epoch:[1/1](890/2146) loss:0.695849 lr:0.000000133824 epoch_Time:1.0min:
Epoch:[1/1](900/2146) loss:0.688259 lr:0.000000132550 epoch_Time:1.0min:
Epoch:[1/1](910/2146) loss:0.697213 lr:0.000000131273 epoch_Time:1.0min:
Epoch:[1/1](920/2146) loss:0.692890 lr:0.000000129990 epoch_Time:1.0min:
Epoch:[1/1](930/2146) loss:0.693224 lr:0.000000128703 epoch_Time:1.0min:
Epoch:[1/1](940/2146) loss:0.692499 lr:0.000000127413 epoch_Time:1.0min:
Epoch:[1/1](950/2146) loss:0.689184 lr:0.000000126118 epoch_Time:1.0min:
Epoch:[1/1](960/2146) loss:0.692088 lr:0.000000124820 epoch_Time:1.0min:
Epoch:[1/1](970/2146) loss:0.692441 lr:0.000000123519 epoch_Time:1.0min:
Epoch:[1/1](980/2146) loss:0.692666 lr:0.000000122215 epoch_Time:1.0min:
Epoch:[1/1](990/2146) loss:0.695844 lr:0.000000120909 epoch_Time:1.0min:
Epoch:[1/1](1000/2146) loss:0.691783 lr:0.000000119600 epoch_Time:1.0min:
Epoch:[1/1](1010/2146) loss:0.692935 lr:0.000000118289 epoch_Time:1.0min:
Epoch:[1/1](1020/2146) loss:0.687906 lr:0.000000116976 epoch_Time:1.0min:
Epoch:[1/1](1030/2146) loss:0.691814 lr:0.000000115662 epoch_Time:1.0min:
Epoch:[1/1](1040/2146) loss:0.693630 lr:0.000000114346 epoch_Time:1.0min:
Epoch:[1/1](1050/2146) loss:0.698164 lr:0.000000113030 epoch_Time:1.0min:
Epoch:[1/1](1060/2146) loss:0.692931 lr:0.000000111713 epoch_Time:1.0min:
Epoch:[1/1](1070/2146) loss:0.688310 lr:0.000000110395 epoch_Time:1.0min:
Epoch:[1/1](1080/2146) loss:0.688711 lr:0.000000109078 epoch_Time:1.0min:
Epoch:[1/1](1090/2146) loss:0.691142 lr:0.000000107760 epoch_Time:1.0min:
Epoch:[1/1](1100/2146) loss:0.694477 lr:0.000000106444 epoch_Time:1.0min:
Epoch:[1/1](1110/2146) loss:0.694998 lr:0.000000105127 epoch_Time:1.0min:
Epoch:[1/1](1120/2146) loss:0.685279 lr:0.000000103812 epoch_Time:1.0min:
Epoch:[1/1](1130/2146) loss:0.696740 lr:0.000000102499 epoch_Time:1.0min:
Epoch:[1/1](1140/2146) loss:0.693139 lr:0.000000101187 epoch_Time:1.0min:
Epoch:[1/1](1150/2146) loss:0.690768 lr:0.000000099876 epoch_Time:1.0min:
Epoch:[1/1](1160/2146) loss:0.698720 lr:0.000000098568 epoch_Time:1.0min:
Epoch:[1/1](1170/2146) loss:0.690284 lr:0.000000097263 epoch_Time:1.0min:
Epoch:[1/1](1180/2146) loss:0.692346 lr:0.000000095960 epoch_Time:1.0min:
Epoch:[1/1](1190/2146) loss:0.691099 lr:0.000000094660 epoch_Time:1.0min:
Epoch:[1/1](1200/2146) loss:0.689294 lr:0.000000093364 epoch_Time:1.0min:
Epoch:[1/1](1210/2146) loss:0.700234 lr:0.000000092071 epoch_Time:1.0min:
Epoch:[1/1](1220/2146) loss:0.691681 lr:0.000000090781 epoch_Time:1.0min:
Epoch:[1/1](1230/2146) loss:0.694731 lr:0.000000089496 epoch_Time:1.0min:
Epoch:[1/1](1240/2146) loss:0.692906 lr:0.000000088216 epoch_Time:1.0min:
Epoch:[1/1](1250/2146) loss:0.695558 lr:0.000000086940 epoch_Time:1.0min:
Epoch:[1/1](1260/2146) loss:0.693571 lr:0.000000085669 epoch_Time:1.0min:
Epoch:[1/1](1270/2146) loss:0.693754 lr:0.000000084403 epoch_Time:1.0min:
Epoch:[1/1](1280/2146) loss:0.695023 lr:0.000000083142 epoch_Time:1.0min:
Epoch:[1/1](1290/2146) loss:0.689082 lr:0.000000081888 epoch_Time:1.0min:
Epoch:[1/1](1300/2146) loss:0.694219 lr:0.000000080639 epoch_Time:1.0min:
Epoch:[1/1](1310/2146) loss:0.688728 lr:0.000000079397 epoch_Time:1.0min:
Epoch:[1/1](1320/2146) loss:0.690148 lr:0.000000078161 epoch_Time:1.0min:
Epoch:[1/1](1330/2146) loss:0.692360 lr:0.000000076933 epoch_Time:1.0min:
Epoch:[1/1](1340/2146) loss:0.692972 lr:0.000000075711 epoch_Time:1.0min:
Epoch:[1/1](1350/2146) loss:0.689084 lr:0.000000074496 epoch_Time:1.0min:
Epoch:[1/1](1360/2146) loss:0.685527 lr:0.000000073289 epoch_Time:1.0min:
Epoch:[1/1](1370/2146) loss:0.691135 lr:0.000000072090 epoch_Time:1.0min:
Epoch:[1/1](1380/2146) loss:0.694829 lr:0.000000070900 epoch_Time:1.0min:
Epoch:[1/1](1390/2146) loss:0.687520 lr:0.000000069717 epoch_Time:1.0min:
Epoch:[1/1](1400/2146) loss:0.692340 lr:0.000000068543 epoch_Time:1.0min:
Epoch:[1/1](1410/2146) loss:0.688505 lr:0.000000067378 epoch_Time:1.0min:
Epoch:[1/1](1420/2146) loss:0.695226 lr:0.000000066223 epoch_Time:1.0min:
Epoch:[1/1](1430/2146) loss:0.694355 lr:0.000000065076 epoch_Time:1.0min:
Epoch:[1/1](1440/2146) loss:0.692508 lr:0.000000063939 epoch_Time:1.0min:
Epoch:[1/1](1450/2146) loss:0.694193 lr:0.000000062812 epoch_Time:1.0min:
Epoch:[1/1](1460/2146) loss:0.693932 lr:0.000000061696 epoch_Time:1.0min:
Epoch:[1/1](1470/2146) loss:0.691085 lr:0.000000060589 epoch_Time:1.0min:
Epoch:[1/1](1480/2146) loss:0.693260 lr:0.000000059493 epoch_Time:1.0min:
Epoch:[1/1](1490/2146) loss:0.691426 lr:0.000000058408 epoch_Time:1.0min:
Epoch:[1/1](1500/2146) loss:0.687495 lr:0.000000057334 epoch_Time:1.0min:
Epoch:[1/1](1510/2146) loss:0.696997 lr:0.000000056271 epoch_Time:1.0min:
Epoch:[1/1](1520/2146) loss:0.692287 lr:0.000000055220 epoch_Time:1.0min:
Epoch:[1/1](1530/2146) loss:0.690216 lr:0.000000054181 epoch_Time:1.0min:
Epoch:[1/1](1540/2146) loss:0.694616 lr:0.000000053153 epoch_Time:1.0min:
Epoch:[1/1](1550/2146) loss:0.698460 lr:0.000000052138 epoch_Time:1.0min:
Epoch:[1/1](1560/2146) loss:0.694263 lr:0.000000051135 epoch_Time:1.0min:
Epoch:[1/1](1570/2146) loss:0.693326 lr:0.000000050145 epoch_Time:0.0min:
Epoch:[1/1](1580/2146) loss:0.693638 lr:0.000000049167 epoch_Time:0.0min:
Epoch:[1/1](1590/2146) loss:0.689998 lr:0.000000048203 epoch_Time:0.0min:
Epoch:[1/1](1600/2146) loss:0.694175 lr:0.000000047252 epoch_Time:0.0min:
Epoch:[1/1](1610/2146) loss:0.692790 lr:0.000000046314 epoch_Time:0.0min:
Epoch:[1/1](1620/2146) loss:0.689677 lr:0.000000045390 epoch_Time:0.0min:
Epoch:[1/1](1630/2146) loss:0.693588 lr:0.000000044479 epoch_Time:0.0min:
Epoch:[1/1](1640/2146) loss:0.691388 lr:0.000000043583 epoch_Time:0.0min:
Epoch:[1/1](1650/2146) loss:0.690331 lr:0.000000042701 epoch_Time:0.0min:
Epoch:[1/1](1660/2146) loss:0.690581 lr:0.000000041834 epoch_Time:0.0min:
Epoch:[1/1](1670/2146) loss:0.693323 lr:0.000000040981 epoch_Time:0.0min:
Epoch:[1/1](1680/2146) loss:0.691224 lr:0.000000040143 epoch_Time:0.0min:
Epoch:[1/1](1690/2146) loss:0.689679 lr:0.000000039319 epoch_Time:0.0min:
Epoch:[1/1](1700/2146) loss:0.690663 lr:0.000000038511 epoch_Time:0.0min:
Epoch:[1/1](1710/2146) loss:0.691007 lr:0.000000037719 epoch_Time:0.0min:
Epoch:[1/1](1720/2146) loss:0.689413 lr:0.000000036941 epoch_Time:0.0min:
Epoch:[1/1](1730/2146) loss:0.693510 lr:0.000000036180 epoch_Time:0.0min:
Epoch:[1/1](1740/2146) loss:0.692360 lr:0.000000035434 epoch_Time:0.0min:
Epoch:[1/1](1750/2146) loss:0.689832 lr:0.000000034704 epoch_Time:0.0min:
Epoch:[1/1](1760/2146) loss:0.692069 lr:0.000000033991 epoch_Time:0.0min:
Epoch:[1/1](1770/2146) loss:0.689582 lr:0.000000033293 epoch_Time:0.0min:
Epoch:[1/1](1780/2146) loss:0.693054 lr:0.000000032612 epoch_Time:0.0min:
Epoch:[1/1](1790/2146) loss:0.690854 lr:0.000000031948 epoch_Time:0.0min:
Epoch:[1/1](1800/2146) loss:0.696465 lr:0.000000031301 epoch_Time:0.0min:
Epoch:[1/1](1810/2146) loss:0.693781 lr:0.000000030670 epoch_Time:0.0min:
Epoch:[1/1](1820/2146) loss:0.689420 lr:0.000000030056 epoch_Time:0.0min:
Epoch:[1/1](1830/2146) loss:0.692684 lr:0.000000029460 epoch_Time:0.0min:
Epoch:[1/1](1840/2146) loss:0.696097 lr:0.000000028880 epoch_Time:0.0min:
Epoch:[1/1](1850/2146) loss:0.691407 lr:0.000000028318 epoch_Time:0.0min:
Epoch:[1/1](1860/2146) loss:0.690045 lr:0.000000027774 epoch_Time:0.0min:
Epoch:[1/1](1870/2146) loss:0.691689 lr:0.000000027247 epoch_Time:0.0min:
Epoch:[1/1](1880/2146) loss:0.688428 lr:0.000000026738 epoch_Time:0.0min:
Epoch:[1/1](1890/2146) loss:0.694459 lr:0.000000026247 epoch_Time:0.0min:
Epoch:[1/1](1900/2146) loss:0.692155 lr:0.000000025773 epoch_Time:0.0min:
Epoch:[1/1](1910/2146) loss:0.692529 lr:0.000000025318 epoch_Time:0.0min:
Epoch:[1/1](1920/2146) loss:0.683578 lr:0.000000024881 epoch_Time:0.0min:
Epoch:[1/1](1930/2146) loss:0.691771 lr:0.000000024462 epoch_Time:0.0min:
Epoch:[1/1](1940/2146) loss:0.677642 lr:0.000000024062 epoch_Time:0.0min:
Epoch:[1/1](1950/2146) loss:0.688339 lr:0.000000023679 epoch_Time:0.0min:
Epoch:[1/1](1960/2146) loss:0.689575 lr:0.000000023316 epoch_Time:0.0min:
Epoch:[1/1](1970/2146) loss:0.694015 lr:0.000000022971 epoch_Time:0.0min:
Epoch:[1/1](1980/2146) loss:0.692783 lr:0.000000022644 epoch_Time:0.0min:
Epoch:[1/1](1990/2146) loss:0.698415 lr:0.000000022337 epoch_Time:0.0min:
Epoch:[1/1](2000/2146) loss:0.694110 lr:0.000000022048 epoch_Time:0.0min:
Epoch:[1/1](2010/2146) loss:0.693393 lr:0.000000021778 epoch_Time:0.0min:
Epoch:[1/1](2020/2146) loss:0.693249 lr:0.000000021527 epoch_Time:0.0min:
Epoch:[1/1](2030/2146) loss:0.690137 lr:0.000000021295 epoch_Time:0.0min:
Epoch:[1/1](2040/2146) loss:0.692530 lr:0.000000021081 epoch_Time:0.0min:
Epoch:[1/1](2050/2146) loss:0.693964 lr:0.000000020887 epoch_Time:0.0min:
Epoch:[1/1](2060/2146) loss:0.683050 lr:0.000000020712 epoch_Time:0.0min:
Epoch:[1/1](2070/2146) loss:0.694519 lr:0.000000020556 epoch_Time:0.0min:
Epoch:[1/1](2080/2146) loss:0.693389 lr:0.000000020420 epoch_Time:0.0min:
Epoch:[1/1](2090/2146) loss:0.696403 lr:0.000000020302 epoch_Time:0.0min:
Epoch:[1/1](2100/2146) loss:0.690409 lr:0.000000020204 epoch_Time:0.0min:
Epoch:[1/1](2110/2146) loss:0.679011 lr:0.000000020125 epoch_Time:0.0min:
Epoch:[1/1](2120/2146) loss:0.693381 lr:0.000000020065 epoch_Time:0.0min:
Epoch:[1/1](2130/2146) loss:0.693363 lr:0.000000020025 epoch_Time:0.0min:
Epoch:[1/1](2140/2146) loss:0.694719 lr:0.000000020003 epoch_Time:0.0min:
Epoch:[1/1](2146/2146) loss:0.694652 lr:0.000000020000 epoch_Time:0.0min:
