Loading checkpoint shards:   0%|          | 0/2 [00:00<?, ?it/s]Loading checkpoint shards: 100%|██████████| 2/2 [00:00<00:00, 101.74it/s]
奖励模型检查通过：embedding_size=92544, tokenizer_size=92544, reward_token_id=92527
past_key_values should not be None in from_legacy_cache()
所加载Model可训练参数：25.830 百万
所加载Model可训练参数：25.830 百万
Epoch: 1, Step: 20/10000, Actor Loss: 0.000000, Reward: -1.529424, Avg Response Len: 96.00, LR: 8.00e-08
Epoch: 1, Step: 40/10000, Actor Loss: 0.000000, Reward: -1.590381, Avg Response Len: 96.00, LR: 8.00e-08
Epoch: 1, Step: 60/10000, Actor Loss: 0.000000, Reward: -1.528436, Avg Response Len: 96.00, LR: 8.00e-08
Epoch: 1, Step: 80/10000, Actor Loss: 0.000000, Reward: -1.382154, Avg Response Len: 57.50, LR: 8.00e-08
Epoch: 1, Step: 100/10000, Actor Loss: 0.000000, Reward: -1.010336, Avg Response Len: 96.00, LR: 8.00e-08
Epoch: 1, Step: 120/10000, Actor Loss: 0.000000, Reward: -1.739133, Avg Response Len: 96.00, LR: 8.00e-08
Epoch: 1, Step: 140/10000, Actor Loss: 0.000000, Reward: -1.473662, Avg Response Len: 96.00, LR: 8.00e-08
Epoch: 1, Step: 160/10000, Actor Loss: 0.000000, Reward: -2.197375, Avg Response Len: 96.00, LR: 8.00e-08
Epoch: 1, Step: 180/10000, Actor Loss: 0.000001, Reward: -1.709955, Avg Response Len: 96.00, LR: 7.99e-08
Epoch: 1, Step: 200/10000, Actor Loss: 0.000000, Reward: -1.704484, Avg Response Len: 96.00, LR: 7.99e-08
Epoch: 1, Step: 220/10000, Actor Loss: 0.000000, Reward: -2.168013, Avg Response Len: 96.00, LR: 7.99e-08
Epoch: 1, Step: 240/10000, Actor Loss: 0.000001, Reward: -1.927813, Avg Response Len: 92.00, LR: 7.99e-08
Epoch: 1, Step: 260/10000, Actor Loss: 0.000001, Reward: -1.245805, Avg Response Len: 96.00, LR: 7.99e-08
Epoch: 1, Step: 280/10000, Actor Loss: 0.000001, Reward: -2.056104, Avg Response Len: 96.00, LR: 7.99e-08
Epoch: 1, Step: 300/10000, Actor Loss: 0.000000, Reward: -1.994536, Avg Response Len: 89.50, LR: 7.98e-08
Epoch: 1, Step: 320/10000, Actor Loss: 0.000000, Reward: -1.142986, Avg Response Len: 96.00, LR: 7.98e-08
Epoch: 1, Step: 340/10000, Actor Loss: 0.000000, Reward: -0.929767, Avg Response Len: 96.00, LR: 7.98e-08
Epoch: 1, Step: 360/10000, Actor Loss: 0.000001, Reward: -2.355595, Avg Response Len: 96.00, LR: 7.98e-08
Epoch: 1, Step: 380/10000, Actor Loss: 0.000000, Reward: -1.112950, Avg Response Len: 89.50, LR: 7.97e-08
Epoch: 1, Step: 400/10000, Actor Loss: 0.000000, Reward: -2.003906, Avg Response Len: 96.00, LR: 7.97e-08
Epoch: 1, Step: 420/10000, Actor Loss: 0.000001, Reward: -1.524855, Avg Response Len: 96.00, LR: 7.97e-08
Epoch: 1, Step: 440/10000, Actor Loss: 0.000001, Reward: -2.101947, Avg Response Len: 96.00, LR: 7.97e-08
Epoch: 1, Step: 460/10000, Actor Loss: 0.000001, Reward: -1.717394, Avg Response Len: 96.00, LR: 7.96e-08
Epoch: 1, Step: 480/10000, Actor Loss: 0.000001, Reward: -1.277781, Avg Response Len: 96.00, LR: 7.96e-08
Epoch: 1, Step: 500/10000, Actor Loss: 0.000001, Reward: -2.188875, Avg Response Len: 96.00, LR: 7.96e-08
Epoch: 1, Step: 520/10000, Actor Loss: 0.000001, Reward: -1.042381, Avg Response Len: 92.50, LR: 7.95e-08
Epoch: 1, Step: 540/10000, Actor Loss: 0.000001, Reward: -1.750332, Avg Response Len: 96.00, LR: 7.95e-08
Epoch: 1, Step: 560/10000, Actor Loss: 0.000001, Reward: -2.625622, Avg Response Len: 96.00, LR: 7.94e-08
Epoch: 1, Step: 580/10000, Actor Loss: 0.000002, Reward: -1.700688, Avg Response Len: 96.00, LR: 7.94e-08
Epoch: 1, Step: 600/10000, Actor Loss: 0.000001, Reward: -2.243598, Avg Response Len: 96.00, LR: 7.94e-08
Epoch: 1, Step: 620/10000, Actor Loss: 0.000002, Reward: -1.842418, Avg Response Len: 96.00, LR: 7.93e-08
Epoch: 1, Step: 640/10000, Actor Loss: 0.000002, Reward: -2.227509, Avg Response Len: 96.00, LR: 7.93e-08
Epoch: 1, Step: 660/10000, Actor Loss: 0.000001, Reward: -0.402230, Avg Response Len: 96.00, LR: 7.92e-08
Epoch: 1, Step: 680/10000, Actor Loss: 0.000002, Reward: -1.033206, Avg Response Len: 96.00, LR: 7.92e-08
Epoch: 1, Step: 700/10000, Actor Loss: 0.000003, Reward: -1.119451, Avg Response Len: 96.00, LR: 7.91e-08
Epoch: 1, Step: 720/10000, Actor Loss: 0.000001, Reward: -1.008950, Avg Response Len: 96.00, LR: 7.91e-08
Epoch: 1, Step: 740/10000, Actor Loss: 0.000003, Reward: -1.894010, Avg Response Len: 96.00, LR: 7.90e-08
Epoch: 1, Step: 760/10000, Actor Loss: 0.000002, Reward: -1.009251, Avg Response Len: 96.00, LR: 7.90e-08
Epoch: 1, Step: 780/10000, Actor Loss: 0.000003, Reward: -0.915094, Avg Response Len: 96.00, LR: 7.89e-08
Epoch: 1, Step: 800/10000, Actor Loss: 0.000003, Reward: -1.799845, Avg Response Len: 96.00, LR: 7.89e-08
Epoch: 1, Step: 820/10000, Actor Loss: 0.000002, Reward: -1.354451, Avg Response Len: 96.00, LR: 7.88e-08
Epoch: 1, Step: 840/10000, Actor Loss: 0.000004, Reward: -1.124825, Avg Response Len: 96.00, LR: 7.88e-08
Epoch: 1, Step: 860/10000, Actor Loss: 0.000004, Reward: -2.495117, Avg Response Len: 96.00, LR: 7.87e-08
Epoch: 1, Step: 880/10000, Actor Loss: 0.000003, Reward: -2.137222, Avg Response Len: 96.00, LR: 7.86e-08
Epoch: 1, Step: 900/10000, Actor Loss: 0.000003, Reward: -1.119340, Avg Response Len: 96.00, LR: 7.86e-08
Epoch: 1, Step: 920/10000, Actor Loss: 0.000002, Reward: -1.440070, Avg Response Len: 96.00, LR: 7.85e-08
Epoch: 1, Step: 940/10000, Actor Loss: 0.000003, Reward: -1.881337, Avg Response Len: 96.00, LR: 7.84e-08
Epoch: 1, Step: 960/10000, Actor Loss: 0.000005, Reward: -2.090161, Avg Response Len: 96.00, LR: 7.84e-08
Epoch: 1, Step: 980/10000, Actor Loss: 0.000004, Reward: -1.030527, Avg Response Len: 96.00, LR: 7.83e-08
Epoch: 1, Step: 1000/10000, Actor Loss: 0.000008, Reward: -1.563945, Avg Response Len: 96.00, LR: 7.82e-08
Epoch: 1, Step: 1020/10000, Actor Loss: 0.000003, Reward: -1.698367, Avg Response Len: 96.00, LR: 7.82e-08
Epoch: 1, Step: 1040/10000, Actor Loss: 0.000003, Reward: -1.493492, Avg Response Len: 96.00, LR: 7.81e-08
Epoch: 1, Step: 1060/10000, Actor Loss: 0.000006, Reward: -1.768071, Avg Response Len: 96.00, LR: 7.80e-08
Epoch: 1, Step: 1080/10000, Actor Loss: 0.000005, Reward: -1.723551, Avg Response Len: 96.00, LR: 7.79e-08
Epoch: 1, Step: 1100/10000, Actor Loss: 0.000006, Reward: -1.947394, Avg Response Len: 96.00, LR: 7.79e-08
Epoch: 1, Step: 1120/10000, Actor Loss: 0.000007, Reward: -1.226429, Avg Response Len: 96.00, LR: 7.78e-08
Epoch: 1, Step: 1140/10000, Actor Loss: 0.000006, Reward: -0.997764, Avg Response Len: 96.00, LR: 7.77e-08
Epoch: 1, Step: 1160/10000, Actor Loss: 0.000008, Reward: -1.935390, Avg Response Len: 96.00, LR: 7.76e-08
Epoch: 1, Step: 1180/10000, Actor Loss: 0.000007, Reward: -1.562685, Avg Response Len: 96.00, LR: 7.76e-08
Epoch: 1, Step: 1200/10000, Actor Loss: 0.000010, Reward: -1.091721, Avg Response Len: 96.00, LR: 7.75e-08
Epoch: 1, Step: 1220/10000, Actor Loss: 0.000008, Reward: -1.844656, Avg Response Len: 96.00, LR: 7.74e-08
Epoch: 1, Step: 1240/10000, Actor Loss: 0.000007, Reward: -1.433981, Avg Response Len: 96.00, LR: 7.73e-08
Epoch: 1, Step: 1260/10000, Actor Loss: 0.000010, Reward: -1.338213, Avg Response Len: 96.00, LR: 7.72e-08
Epoch: 1, Step: 1280/10000, Actor Loss: 0.000013, Reward: -1.276642, Avg Response Len: 96.00, LR: 7.71e-08
Epoch: 1, Step: 1300/10000, Actor Loss: 0.000006, Reward: -2.019964, Avg Response Len: 96.00, LR: 7.70e-08
Epoch: 1, Step: 1320/10000, Actor Loss: 0.000013, Reward: -1.680706, Avg Response Len: 96.00, LR: 7.69e-08
Epoch: 1, Step: 1340/10000, Actor Loss: 0.000012, Reward: -1.760204, Avg Response Len: 96.00, LR: 7.69e-08
Epoch: 1, Step: 1360/10000, Actor Loss: 0.000011, Reward: -1.681518, Avg Response Len: 96.00, LR: 7.68e-08
Epoch: 1, Step: 1380/10000, Actor Loss: 0.000011, Reward: -1.647067, Avg Response Len: 96.00, LR: 7.67e-08
Epoch: 1, Step: 1400/10000, Actor Loss: 0.000013, Reward: -1.608418, Avg Response Len: 96.00, LR: 7.66e-08
Epoch: 1, Step: 1420/10000, Actor Loss: 0.000006, Reward: -1.753175, Avg Response Len: 96.00, LR: 7.65e-08
Epoch: 1, Step: 1440/10000, Actor Loss: 0.000009, Reward: -2.186566, Avg Response Len: 96.00, LR: 7.64e-08
Epoch: 1, Step: 1460/10000, Actor Loss: 0.000008, Reward: -1.328941, Avg Response Len: 96.00, LR: 7.63e-08
Epoch: 1, Step: 1480/10000, Actor Loss: 0.000009, Reward: -1.395294, Avg Response Len: 96.00, LR: 7.62e-08
Epoch: 1, Step: 1500/10000, Actor Loss: 0.000010, Reward: -1.656652, Avg Response Len: 96.00, LR: 7.61e-08
Epoch: 1, Step: 1520/10000, Actor Loss: 0.000007, Reward: -1.103698, Avg Response Len: 96.00, LR: 7.60e-08
Epoch: 1, Step: 1540/10000, Actor Loss: 0.000011, Reward: -2.250036, Avg Response Len: 96.00, LR: 7.59e-08
Epoch: 1, Step: 1560/10000, Actor Loss: 0.000008, Reward: -1.211613, Avg Response Len: 96.00, LR: 7.58e-08
Epoch: 1, Step: 1580/10000, Actor Loss: 0.000012, Reward: -1.272021, Avg Response Len: 96.00, LR: 7.57e-08
Epoch: 1, Step: 1600/10000, Actor Loss: 0.000010, Reward: -2.701875, Avg Response Len: 96.00, LR: 7.55e-08
Epoch: 1, Step: 1620/10000, Actor Loss: 0.000011, Reward: -1.495709, Avg Response Len: 96.00, LR: 7.54e-08
Epoch: 1, Step: 1640/10000, Actor Loss: 0.000011, Reward: -2.198676, Avg Response Len: 96.00, LR: 7.53e-08
Epoch: 1, Step: 1660/10000, Actor Loss: 0.000013, Reward: -1.628832, Avg Response Len: 96.00, LR: 7.52e-08
Epoch: 1, Step: 1680/10000, Actor Loss: 0.000010, Reward: -0.904415, Avg Response Len: 96.00, LR: 7.51e-08
Epoch: 1, Step: 1700/10000, Actor Loss: 0.000011, Reward: -0.412205, Avg Response Len: 96.00, LR: 7.50e-08
Epoch: 1, Step: 1720/10000, Actor Loss: 0.000020, Reward: -0.523292, Avg Response Len: 96.00, LR: 7.49e-08
Epoch: 1, Step: 1740/10000, Actor Loss: 0.000011, Reward: -2.125401, Avg Response Len: 96.00, LR: 7.48e-08
Epoch: 1, Step: 1760/10000, Actor Loss: 0.000007, Reward: -1.365370, Avg Response Len: 96.00, LR: 7.46e-08
Epoch: 1, Step: 1780/10000, Actor Loss: 0.000014, Reward: -1.194783, Avg Response Len: 96.00, LR: 7.45e-08
Epoch: 1, Step: 1800/10000, Actor Loss: 0.000009, Reward: -0.902907, Avg Response Len: 96.00, LR: 7.44e-08
Epoch: 1, Step: 1820/10000, Actor Loss: 0.000014, Reward: -2.280909, Avg Response Len: 96.00, LR: 7.43e-08
Epoch: 1, Step: 1840/10000, Actor Loss: 0.000015, Reward: -1.927246, Avg Response Len: 96.00, LR: 7.42e-08
Epoch: 1, Step: 1860/10000, Actor Loss: 0.000013, Reward: -1.792595, Avg Response Len: 96.00, LR: 7.40e-08
Epoch: 1, Step: 1880/10000, Actor Loss: 0.000010, Reward: -1.267163, Avg Response Len: 96.00, LR: 7.39e-08
Epoch: 1, Step: 1900/10000, Actor Loss: 0.000012, Reward: -1.461349, Avg Response Len: 96.00, LR: 7.38e-08
Epoch: 1, Step: 1920/10000, Actor Loss: 0.000016, Reward: -2.383640, Avg Response Len: 96.00, LR: 7.36e-08
Epoch: 1, Step: 1940/10000, Actor Loss: 0.000015, Reward: -1.849048, Avg Response Len: 96.00, LR: 7.35e-08
Epoch: 1, Step: 1960/10000, Actor Loss: 0.000006, Reward: -1.732422, Avg Response Len: 96.00, LR: 7.34e-08
Epoch: 1, Step: 1980/10000, Actor Loss: 0.000016, Reward: -2.295398, Avg Response Len: 96.00, LR: 7.33e-08
Epoch: 1, Step: 2000/10000, Actor Loss: 0.000012, Reward: -1.502099, Avg Response Len: 96.00, LR: 7.31e-08
Epoch: 1, Step: 2020/10000, Actor Loss: 0.000016, Reward: -2.267945, Avg Response Len: 96.00, LR: 7.30e-08
Epoch: 1, Step: 2040/10000, Actor Loss: 0.000021, Reward: -1.182141, Avg Response Len: 96.00, LR: 7.29e-08
Epoch: 1, Step: 2060/10000, Actor Loss: 0.000015, Reward: 0.069215, Avg Response Len: 96.00, LR: 7.27e-08
Epoch: 1, Step: 2080/10000, Actor Loss: 0.000016, Reward: -1.833970, Avg Response Len: 96.00, LR: 7.26e-08
Epoch: 1, Step: 2100/10000, Actor Loss: 0.000014, Reward: -1.182913, Avg Response Len: 96.00, LR: 7.24e-08
Epoch: 1, Step: 2120/10000, Actor Loss: 0.000005, Reward: -1.250931, Avg Response Len: 96.00, LR: 7.23e-08
Epoch: 1, Step: 2140/10000, Actor Loss: 0.000011, Reward: -1.344269, Avg Response Len: 96.00, LR: 7.22e-08
Epoch: 1, Step: 2160/10000, Actor Loss: 0.000016, Reward: -0.969844, Avg Response Len: 96.00, LR: 7.20e-08
Epoch: 1, Step: 2180/10000, Actor Loss: 0.000016, Reward: -2.031089, Avg Response Len: 90.00, LR: 7.19e-08
Epoch: 1, Step: 2200/10000, Actor Loss: 0.000012, Reward: -1.046754, Avg Response Len: 96.00, LR: 7.17e-08
Epoch: 1, Step: 2220/10000, Actor Loss: 0.000022, Reward: -0.895156, Avg Response Len: 96.00, LR: 7.16e-08
Epoch: 1, Step: 2240/10000, Actor Loss: 0.000014, Reward: -2.147544, Avg Response Len: 96.00, LR: 7.14e-08
Epoch: 1, Step: 2260/10000, Actor Loss: 0.000020, Reward: -1.417460, Avg Response Len: 96.00, LR: 7.13e-08
Epoch: 1, Step: 2280/10000, Actor Loss: 0.000022, Reward: -1.897108, Avg Response Len: 96.00, LR: 7.12e-08
Epoch: 1, Step: 2300/10000, Actor Loss: 0.000018, Reward: -1.124998, Avg Response Len: 96.00, LR: 7.10e-08
Epoch: 1, Step: 2320/10000, Actor Loss: 0.000019, Reward: -1.570641, Avg Response Len: 96.00, LR: 7.09e-08
Epoch: 1, Step: 2340/10000, Actor Loss: 0.000023, Reward: -1.974498, Avg Response Len: 96.00, LR: 7.07e-08
Epoch: 1, Step: 2360/10000, Actor Loss: 0.000017, Reward: -1.177169, Avg Response Len: 96.00, LR: 7.06e-08
Epoch: 1, Step: 2380/10000, Actor Loss: 0.000022, Reward: -1.113331, Avg Response Len: 96.00, LR: 7.04e-08
Epoch: 1, Step: 2400/10000, Actor Loss: 0.000014, Reward: -1.434501, Avg Response Len: 96.00, LR: 7.02e-08
Epoch: 1, Step: 2420/10000, Actor Loss: 0.000017, Reward: 0.176606, Avg Response Len: 91.50, LR: 7.01e-08
Epoch: 1, Step: 2440/10000, Actor Loss: 0.000017, Reward: -1.662598, Avg Response Len: 96.00, LR: 6.99e-08
Epoch: 1, Step: 2460/10000, Actor Loss: 0.000023, Reward: -1.824771, Avg Response Len: 96.00, LR: 6.98e-08
Epoch: 1, Step: 2480/10000, Actor Loss: 0.000011, Reward: -0.953725, Avg Response Len: 96.00, LR: 6.96e-08
Epoch: 1, Step: 2500/10000, Actor Loss: 0.000025, Reward: -1.577921, Avg Response Len: 77.00, LR: 6.95e-08
Epoch: 1, Step: 2520/10000, Actor Loss: 0.000032, Reward: -1.344089, Avg Response Len: 96.00, LR: 6.93e-08
Epoch: 1, Step: 2540/10000, Actor Loss: 0.000037, Reward: -1.446387, Avg Response Len: 96.00, LR: 6.91e-08
Epoch: 1, Step: 2560/10000, Actor Loss: 0.000025, Reward: -1.172335, Avg Response Len: 96.00, LR: 6.90e-08
Epoch: 1, Step: 2580/10000, Actor Loss: 0.000015, Reward: -1.153751, Avg Response Len: 96.00, LR: 6.88e-08
Epoch: 1, Step: 2600/10000, Actor Loss: 0.000039, Reward: -1.355212, Avg Response Len: 96.00, LR: 6.86e-08
Epoch: 1, Step: 2620/10000, Actor Loss: 0.000020, Reward: -1.201665, Avg Response Len: 96.00, LR: 6.85e-08
Epoch: 1, Step: 2640/10000, Actor Loss: 0.000023, Reward: -1.960114, Avg Response Len: 96.00, LR: 6.83e-08
Epoch: 1, Step: 2660/10000, Actor Loss: 0.000024, Reward: -2.495737, Avg Response Len: 96.00, LR: 6.81e-08
Epoch: 1, Step: 2680/10000, Actor Loss: 0.000041, Reward: -1.414480, Avg Response Len: 96.00, LR: 6.80e-08
Epoch: 1, Step: 2700/10000, Actor Loss: 0.000016, Reward: -1.511983, Avg Response Len: 96.00, LR: 6.78e-08
Epoch: 1, Step: 2720/10000, Actor Loss: 0.000018, Reward: -1.163695, Avg Response Len: 96.00, LR: 6.76e-08
Epoch: 1, Step: 2740/10000, Actor Loss: 0.000030, Reward: -1.188956, Avg Response Len: 96.00, LR: 6.75e-08
Epoch: 1, Step: 2760/10000, Actor Loss: 0.000022, Reward: -1.486613, Avg Response Len: 96.00, LR: 6.73e-08
Epoch: 1, Step: 2780/10000, Actor Loss: 0.000022, Reward: -1.638501, Avg Response Len: 96.00, LR: 6.71e-08
Epoch: 1, Step: 2800/10000, Actor Loss: 0.000030, Reward: -2.452422, Avg Response Len: 96.00, LR: 6.69e-08
Epoch: 1, Step: 2820/10000, Actor Loss: 0.000024, Reward: -1.391270, Avg Response Len: 96.00, LR: 6.68e-08
Epoch: 1, Step: 2840/10000, Actor Loss: 0.000027, Reward: -1.897479, Avg Response Len: 96.00, LR: 6.66e-08
Epoch: 1, Step: 2860/10000, Actor Loss: 0.000060, Reward: -2.390041, Avg Response Len: 96.00, LR: 6.64e-08
Epoch: 1, Step: 2880/10000, Actor Loss: 0.000017, Reward: -1.779168, Avg Response Len: 96.00, LR: 6.62e-08
Epoch: 1, Step: 2900/10000, Actor Loss: 0.000037, Reward: -0.982201, Avg Response Len: 96.00, LR: 6.61e-08
Epoch: 1, Step: 2920/10000, Actor Loss: 0.000020, Reward: -0.553084, Avg Response Len: 96.00, LR: 6.59e-08
Epoch: 1, Step: 2940/10000, Actor Loss: 0.000019, Reward: -0.186465, Avg Response Len: 96.00, LR: 6.57e-08
Epoch: 1, Step: 2960/10000, Actor Loss: 0.000029, Reward: -1.782263, Avg Response Len: 96.00, LR: 6.55e-08
Epoch: 1, Step: 2980/10000, Actor Loss: 0.000042, Reward: -1.888448, Avg Response Len: 96.00, LR: 6.53e-08
Epoch: 1, Step: 3000/10000, Actor Loss: 0.000038, Reward: -1.198393, Avg Response Len: 96.00, LR: 6.52e-08
Epoch: 1, Step: 3020/10000, Actor Loss: 0.000087, Reward: -1.246173, Avg Response Len: 96.00, LR: 6.50e-08
Epoch: 1, Step: 3040/10000, Actor Loss: 0.000048, Reward: -0.886600, Avg Response Len: 96.00, LR: 6.48e-08
Epoch: 1, Step: 3060/10000, Actor Loss: 0.000042, Reward: -0.617340, Avg Response Len: 96.00, LR: 6.46e-08
Epoch: 1, Step: 3080/10000, Actor Loss: 0.000051, Reward: -2.053021, Avg Response Len: 96.00, LR: 6.44e-08
Epoch: 1, Step: 3100/10000, Actor Loss: 0.000026, Reward: -1.113012, Avg Response Len: 96.00, LR: 6.42e-08
Epoch: 1, Step: 3120/10000, Actor Loss: 0.000020, Reward: -1.481706, Avg Response Len: 86.00, LR: 6.40e-08
Epoch: 1, Step: 3140/10000, Actor Loss: 0.000046, Reward: -2.197929, Avg Response Len: 96.00, LR: 6.39e-08
Epoch: 1, Step: 3160/10000, Actor Loss: 0.000056, Reward: -1.884497, Avg Response Len: 96.00, LR: 6.37e-08
Epoch: 1, Step: 3180/10000, Actor Loss: 0.000046, Reward: -1.146484, Avg Response Len: 96.00, LR: 6.35e-08
Epoch: 1, Step: 3200/10000, Actor Loss: 0.000026, Reward: -1.537295, Avg Response Len: 96.00, LR: 6.33e-08
Epoch: 1, Step: 3220/10000, Actor Loss: 0.000039, Reward: -1.851170, Avg Response Len: 96.00, LR: 6.31e-08
Epoch: 1, Step: 3240/10000, Actor Loss: 0.000030, Reward: -1.175573, Avg Response Len: 96.00, LR: 6.29e-08
Epoch: 1, Step: 3260/10000, Actor Loss: 0.000067, Reward: -1.591593, Avg Response Len: 96.00, LR: 6.27e-08
Epoch: 1, Step: 3280/10000, Actor Loss: 0.000043, Reward: -1.740285, Avg Response Len: 96.00, LR: 6.25e-08
Epoch: 1, Step: 3300/10000, Actor Loss: 0.000039, Reward: -1.201059, Avg Response Len: 96.00, LR: 6.23e-08
Epoch: 1, Step: 3320/10000, Actor Loss: 0.000040, Reward: -1.263215, Avg Response Len: 96.00, LR: 6.21e-08
Epoch: 1, Step: 3340/10000, Actor Loss: 0.000051, Reward: -1.960450, Avg Response Len: 96.00, LR: 6.19e-08
Epoch: 1, Step: 3360/10000, Actor Loss: 0.000027, Reward: -1.336028, Avg Response Len: 96.00, LR: 6.17e-08
Epoch: 1, Step: 3380/10000, Actor Loss: 0.000048, Reward: -2.118510, Avg Response Len: 96.00, LR: 6.15e-08
Epoch: 1, Step: 3400/10000, Actor Loss: 0.000034, Reward: -1.249530, Avg Response Len: 96.00, LR: 6.13e-08
Epoch: 1, Step: 3420/10000, Actor Loss: 0.000027, Reward: -1.242051, Avg Response Len: 96.00, LR: 6.11e-08
Epoch: 1, Step: 3440/10000, Actor Loss: 0.000032, Reward: -1.503514, Avg Response Len: 96.00, LR: 6.09e-08
Epoch: 1, Step: 3460/10000, Actor Loss: 0.000073, Reward: -1.743316, Avg Response Len: 96.00, LR: 6.07e-08
Epoch: 1, Step: 3480/10000, Actor Loss: 0.000050, Reward: -1.859691, Avg Response Len: 96.00, LR: 6.05e-08
Epoch: 1, Step: 3500/10000, Actor Loss: 0.000029, Reward: -2.233496, Avg Response Len: 96.00, LR: 6.03e-08
Epoch: 1, Step: 3520/10000, Actor Loss: 0.000031, Reward: -1.858394, Avg Response Len: 96.00, LR: 6.01e-08
Epoch: 1, Step: 3540/10000, Actor Loss: 0.000028, Reward: -1.067770, Avg Response Len: 96.00, LR: 5.99e-08
Epoch: 1, Step: 3560/10000, Actor Loss: 0.000033, Reward: -1.714950, Avg Response Len: 96.00, LR: 5.97e-08
Epoch: 1, Step: 3580/10000, Actor Loss: 0.000023, Reward: -1.586462, Avg Response Len: 96.00, LR: 5.95e-08
Epoch: 1, Step: 3600/10000, Actor Loss: 0.000026, Reward: -1.349162, Avg Response Len: 96.00, LR: 5.93e-08
Epoch: 1, Step: 3620/10000, Actor Loss: 0.000051, Reward: -0.869010, Avg Response Len: 96.00, LR: 5.91e-08
Epoch: 1, Step: 3640/10000, Actor Loss: 0.000039, Reward: -1.354586, Avg Response Len: 96.00, LR: 5.89e-08
Epoch: 1, Step: 3660/10000, Actor Loss: 0.000033, Reward: -1.767571, Avg Response Len: 96.00, LR: 5.87e-08
Epoch: 1, Step: 3680/10000, Actor Loss: 0.000048, Reward: -1.356679, Avg Response Len: 96.00, LR: 5.85e-08
Epoch: 1, Step: 3700/10000, Actor Loss: 0.000033, Reward: -1.344474, Avg Response Len: 96.00, LR: 5.83e-08
Epoch: 1, Step: 3720/10000, Actor Loss: 0.000039, Reward: -1.095417, Avg Response Len: 96.00, LR: 5.81e-08
Epoch: 1, Step: 3740/10000, Actor Loss: 0.000034, Reward: -2.029182, Avg Response Len: 96.00, LR: 5.79e-08
Epoch: 1, Step: 3760/10000, Actor Loss: 0.000034, Reward: -0.922015, Avg Response Len: 96.00, LR: 5.77e-08
Epoch: 1, Step: 3780/10000, Actor Loss: 0.000048, Reward: -2.157227, Avg Response Len: 96.00, LR: 5.75e-08
Epoch: 1, Step: 3800/10000, Actor Loss: 0.000032, Reward: -1.187625, Avg Response Len: 96.00, LR: 5.73e-08
Epoch: 1, Step: 3820/10000, Actor Loss: 0.000076, Reward: -1.930331, Avg Response Len: 96.00, LR: 5.70e-08
Epoch: 1, Step: 3840/10000, Actor Loss: 0.000051, Reward: -0.786484, Avg Response Len: 96.00, LR: 5.68e-08
Epoch: 1, Step: 3860/10000, Actor Loss: 0.000057, Reward: -0.944373, Avg Response Len: 96.00, LR: 5.66e-08
Epoch: 1, Step: 3880/10000, Actor Loss: 0.000055, Reward: -0.870326, Avg Response Len: 96.00, LR: 5.64e-08
Epoch: 1, Step: 3900/10000, Actor Loss: 0.000042, Reward: -1.753117, Avg Response Len: 95.50, LR: 5.62e-08
Epoch: 1, Step: 3920/10000, Actor Loss: 0.000045, Reward: -1.856274, Avg Response Len: 96.00, LR: 5.60e-08
Epoch: 1, Step: 3940/10000, Actor Loss: 0.000062, Reward: -2.097845, Avg Response Len: 96.00, LR: 5.58e-08
Epoch: 1, Step: 3960/10000, Actor Loss: 0.000050, Reward: -1.931013, Avg Response Len: 96.00, LR: 5.56e-08
Epoch: 1, Step: 3980/10000, Actor Loss: 0.000047, Reward: -1.153674, Avg Response Len: 96.00, LR: 5.53e-08
Epoch: 1, Step: 4000/10000, Actor Loss: 0.000041, Reward: -1.118818, Avg Response Len: 96.00, LR: 5.51e-08
Epoch: 1, Step: 4020/10000, Actor Loss: 0.000036, Reward: -1.750865, Avg Response Len: 96.00, LR: 5.49e-08
Epoch: 1, Step: 4040/10000, Actor Loss: 0.000044, Reward: -1.563696, Avg Response Len: 96.00, LR: 5.47e-08
Epoch: 1, Step: 4060/10000, Actor Loss: 0.000048, Reward: -1.369333, Avg Response Len: 96.00, LR: 5.45e-08
Epoch: 1, Step: 4080/10000, Actor Loss: 0.000058, Reward: -1.170416, Avg Response Len: 96.00, LR: 5.43e-08
Epoch: 1, Step: 4100/10000, Actor Loss: 0.000052, Reward: -1.406075, Avg Response Len: 96.00, LR: 5.40e-08
Epoch: 1, Step: 4120/10000, Actor Loss: 0.000053, Reward: -2.022023, Avg Response Len: 96.00, LR: 5.38e-08
Epoch: 1, Step: 4140/10000, Actor Loss: 0.000060, Reward: -1.426123, Avg Response Len: 96.00, LR: 5.36e-08
Epoch: 1, Step: 4160/10000, Actor Loss: 0.000049, Reward: -1.891686, Avg Response Len: 96.00, LR: 5.34e-08
Epoch: 1, Step: 4180/10000, Actor Loss: 0.000050, Reward: -1.991199, Avg Response Len: 95.00, LR: 5.32e-08
Epoch: 1, Step: 4200/10000, Actor Loss: 0.000067, Reward: -1.473169, Avg Response Len: 96.00, LR: 5.30e-08
Epoch: 1, Step: 4220/10000, Actor Loss: 0.000033, Reward: -1.204763, Avg Response Len: 96.00, LR: 5.27e-08
Epoch: 1, Step: 4240/10000, Actor Loss: 0.000050, Reward: -1.607376, Avg Response Len: 96.00, LR: 5.25e-08
Epoch: 1, Step: 4260/10000, Actor Loss: 0.000044, Reward: -1.118972, Avg Response Len: 86.00, LR: 5.23e-08
Epoch: 1, Step: 4280/10000, Actor Loss: 0.000028, Reward: -1.680730, Avg Response Len: 96.00, LR: 5.21e-08
Epoch: 1, Step: 4300/10000, Actor Loss: 0.000045, Reward: -0.621893, Avg Response Len: 84.50, LR: 5.19e-08
Epoch: 1, Step: 4320/10000, Actor Loss: 0.000047, Reward: -1.240222, Avg Response Len: 96.00, LR: 5.16e-08
Epoch: 1, Step: 4340/10000, Actor Loss: 0.000021, Reward: -1.084047, Avg Response Len: 96.00, LR: 5.14e-08
Epoch: 1, Step: 4360/10000, Actor Loss: 0.000064, Reward: -1.474242, Avg Response Len: 96.00, LR: 5.12e-08
Epoch: 1, Step: 4380/10000, Actor Loss: 0.000031, Reward: -2.176228, Avg Response Len: 96.00, LR: 5.10e-08
Epoch: 1, Step: 4400/10000, Actor Loss: 0.000044, Reward: -1.365870, Avg Response Len: 96.00, LR: 5.07e-08
Epoch: 1, Step: 4420/10000, Actor Loss: 0.000036, Reward: -1.757460, Avg Response Len: 96.00, LR: 5.05e-08
Epoch: 1, Step: 4440/10000, Actor Loss: 0.000053, Reward: -1.328753, Avg Response Len: 96.00, LR: 5.03e-08
Epoch: 1, Step: 4460/10000, Actor Loss: 0.000072, Reward: -1.205268, Avg Response Len: 96.00, LR: 5.01e-08
Epoch: 1, Step: 4480/10000, Actor Loss: 0.000090, Reward: -1.723095, Avg Response Len: 87.00, LR: 4.99e-08
Epoch: 1, Step: 4500/10000, Actor Loss: 0.000053, Reward: -1.823525, Avg Response Len: 96.00, LR: 4.96e-08
Epoch: 1, Step: 4520/10000, Actor Loss: 0.000063, Reward: -1.957017, Avg Response Len: 96.00, LR: 4.94e-08
Epoch: 1, Step: 4540/10000, Actor Loss: 0.000037, Reward: -1.284694, Avg Response Len: 96.00, LR: 4.92e-08
Epoch: 1, Step: 4560/10000, Actor Loss: 0.000051, Reward: -0.885061, Avg Response Len: 96.00, LR: 4.90e-08
Epoch: 1, Step: 4580/10000, Actor Loss: 0.000061, Reward: -1.265032, Avg Response Len: 96.00, LR: 4.87e-08
Epoch: 1, Step: 4600/10000, Actor Loss: 0.000050, Reward: -1.462512, Avg Response Len: 96.00, LR: 4.85e-08
Epoch: 1, Step: 4620/10000, Actor Loss: 0.000079, Reward: -1.790888, Avg Response Len: 96.00, LR: 4.83e-08
Epoch: 1, Step: 4640/10000, Actor Loss: 0.000075, Reward: -2.001432, Avg Response Len: 96.00, LR: 4.81e-08
Epoch: 1, Step: 4660/10000, Actor Loss: 0.000053, Reward: -0.756728, Avg Response Len: 96.00, LR: 4.78e-08
Epoch: 1, Step: 4680/10000, Actor Loss: 0.000086, Reward: -1.816483, Avg Response Len: 96.00, LR: 4.76e-08
Epoch: 1, Step: 4700/10000, Actor Loss: 0.000100, Reward: -1.566126, Avg Response Len: 96.00, LR: 4.74e-08
Epoch: 1, Step: 4720/10000, Actor Loss: 0.000064, Reward: -1.800323, Avg Response Len: 96.00, LR: 4.72e-08
Epoch: 1, Step: 4740/10000, Actor Loss: 0.000101, Reward: -1.749344, Avg Response Len: 96.00, LR: 4.69e-08
Epoch: 1, Step: 4760/10000, Actor Loss: 0.000066, Reward: -1.762495, Avg Response Len: 96.00, LR: 4.67e-08
Epoch: 1, Step: 4780/10000, Actor Loss: 0.000062, Reward: -1.840422, Avg Response Len: 96.00, LR: 4.65e-08
Epoch: 1, Step: 4800/10000, Actor Loss: 0.000063, Reward: -1.818240, Avg Response Len: 96.00, LR: 4.63e-08
Epoch: 1, Step: 4820/10000, Actor Loss: 0.000077, Reward: -1.100207, Avg Response Len: 96.00, LR: 4.60e-08
Epoch: 1, Step: 4840/10000, Actor Loss: 0.000073, Reward: -1.036621, Avg Response Len: 96.00, LR: 4.58e-08
Epoch: 1, Step: 4860/10000, Actor Loss: 0.000070, Reward: -0.775513, Avg Response Len: 96.00, LR: 4.56e-08
Epoch: 1, Step: 4880/10000, Actor Loss: 0.000071, Reward: -1.287883, Avg Response Len: 96.00, LR: 4.54e-08
Epoch: 1, Step: 4900/10000, Actor Loss: 0.000049, Reward: -2.098200, Avg Response Len: 96.00, LR: 4.51e-08
Epoch: 1, Step: 4920/10000, Actor Loss: 0.000067, Reward: -1.911260, Avg Response Len: 96.00, LR: 4.49e-08
Epoch: 1, Step: 4940/10000, Actor Loss: 0.000040, Reward: -1.703484, Avg Response Len: 96.00, LR: 4.47e-08
Epoch: 1, Step: 4960/10000, Actor Loss: 0.000045, Reward: -1.135813, Avg Response Len: 96.00, LR: 4.45e-08
Epoch: 1, Step: 4980/10000, Actor Loss: 0.000041, Reward: -1.674526, Avg Response Len: 96.00, LR: 4.42e-08
Epoch: 1, Step: 5000/10000, Actor Loss: 0.000046, Reward: 0.005286, Avg Response Len: 96.00, LR: 4.40e-08
Epoch: 1, Step: 5020/10000, Actor Loss: 0.000083, Reward: -1.171763, Avg Response Len: 96.00, LR: 4.38e-08
Epoch: 1, Step: 5040/10000, Actor Loss: 0.000061, Reward: -1.460092, Avg Response Len: 96.00, LR: 4.35e-08
Epoch: 1, Step: 5060/10000, Actor Loss: 0.000068, Reward: -1.042997, Avg Response Len: 96.00, LR: 4.33e-08
Epoch: 1, Step: 5080/10000, Actor Loss: 0.000095, Reward: -1.225501, Avg Response Len: 96.00, LR: 4.31e-08
Epoch: 1, Step: 5100/10000, Actor Loss: 0.000086, Reward: -1.869258, Avg Response Len: 96.00, LR: 4.29e-08
Epoch: 1, Step: 5120/10000, Actor Loss: 0.000085, Reward: -1.027262, Avg Response Len: 96.00, LR: 4.26e-08
Epoch: 1, Step: 5140/10000, Actor Loss: 0.000046, Reward: -1.462725, Avg Response Len: 96.00, LR: 4.24e-08
Epoch: 1, Step: 5160/10000, Actor Loss: 0.000057, Reward: -1.565581, Avg Response Len: 96.00, LR: 4.22e-08
Epoch: 1, Step: 5180/10000, Actor Loss: 0.000054, Reward: -1.849472, Avg Response Len: 96.00, LR: 4.20e-08
Epoch: 1, Step: 5200/10000, Actor Loss: 0.000063, Reward: -1.825986, Avg Response Len: 96.00, LR: 4.17e-08
Epoch: 1, Step: 5220/10000, Actor Loss: 0.000060, Reward: -1.989043, Avg Response Len: 96.00, LR: 4.15e-08
Epoch: 1, Step: 5240/10000, Actor Loss: 0.000140, Reward: -1.775708, Avg Response Len: 96.00, LR: 4.13e-08
Epoch: 1, Step: 5260/10000, Actor Loss: 0.000051, Reward: -1.564822, Avg Response Len: 96.00, LR: 4.11e-08
Epoch: 1, Step: 5280/10000, Actor Loss: 0.000094, Reward: -2.690478, Avg Response Len: 96.00, LR: 4.08e-08
Epoch: 1, Step: 5300/10000, Actor Loss: 0.000056, Reward: -1.358150, Avg Response Len: 96.00, LR: 4.06e-08
Epoch: 1, Step: 5320/10000, Actor Loss: 0.000035, Reward: -1.382170, Avg Response Len: 96.00, LR: 4.04e-08
Epoch: 1, Step: 5340/10000, Actor Loss: 0.000047, Reward: -0.848293, Avg Response Len: 96.00, LR: 4.02e-08
Epoch: 1, Step: 5360/10000, Actor Loss: 0.000117, Reward: -1.457220, Avg Response Len: 96.00, LR: 3.99e-08
Epoch: 1, Step: 5380/10000, Actor Loss: 0.000079, Reward: -1.749891, Avg Response Len: 96.00, LR: 3.97e-08
Epoch: 1, Step: 5400/10000, Actor Loss: 0.000055, Reward: -1.651382, Avg Response Len: 96.00, LR: 3.95e-08
Epoch: 1, Step: 5420/10000, Actor Loss: 0.000083, Reward: -1.312058, Avg Response Len: 96.00, LR: 3.93e-08
Epoch: 1, Step: 5440/10000, Actor Loss: 0.000065, Reward: -2.231922, Avg Response Len: 96.00, LR: 3.90e-08
Epoch: 1, Step: 5460/10000, Actor Loss: 0.000116, Reward: -0.392560, Avg Response Len: 96.00, LR: 3.88e-08
Epoch: 1, Step: 5480/10000, Actor Loss: 0.000045, Reward: -1.334962, Avg Response Len: 96.00, LR: 3.86e-08
Epoch: 1, Step: 5500/10000, Actor Loss: 0.000079, Reward: -2.018189, Avg Response Len: 96.00, LR: 3.84e-08
Epoch: 1, Step: 5520/10000, Actor Loss: 0.000044, Reward: -1.261532, Avg Response Len: 96.00, LR: 3.81e-08
Epoch: 1, Step: 5540/10000, Actor Loss: 0.000091, Reward: -2.050882, Avg Response Len: 91.50, LR: 3.79e-08
Epoch: 1, Step: 5560/10000, Actor Loss: 0.000091, Reward: -2.191870, Avg Response Len: 96.00, LR: 3.77e-08
Epoch: 1, Step: 5580/10000, Actor Loss: 0.000049, Reward: -1.644189, Avg Response Len: 96.00, LR: 3.75e-08
Epoch: 1, Step: 5600/10000, Actor Loss: 0.000050, Reward: -1.529651, Avg Response Len: 95.50, LR: 3.73e-08
Epoch: 1, Step: 5620/10000, Actor Loss: 0.000057, Reward: -1.931418, Avg Response Len: 96.00, LR: 3.70e-08
Epoch: 1, Step: 5640/10000, Actor Loss: 0.000092, Reward: -1.453815, Avg Response Len: 96.00, LR: 3.68e-08
Epoch: 1, Step: 5660/10000, Actor Loss: 0.000058, Reward: -2.486964, Avg Response Len: 96.00, LR: 3.66e-08
Epoch: 1, Step: 5680/10000, Actor Loss: 0.000067, Reward: -2.092895, Avg Response Len: 96.00, LR: 3.64e-08
Epoch: 1, Step: 5700/10000, Actor Loss: 0.000101, Reward: -1.103091, Avg Response Len: 96.00, LR: 3.61e-08
Epoch: 1, Step: 5720/10000, Actor Loss: 0.000077, Reward: -1.359034, Avg Response Len: 96.00, LR: 3.59e-08
Epoch: 1, Step: 5740/10000, Actor Loss: 0.000061, Reward: -2.181706, Avg Response Len: 96.00, LR: 3.57e-08
Epoch: 1, Step: 5760/10000, Actor Loss: 0.000118, Reward: -1.706913, Avg Response Len: 96.00, LR: 3.55e-08
Epoch: 1, Step: 5780/10000, Actor Loss: 0.000026, Reward: -2.199525, Avg Response Len: 96.00, LR: 3.53e-08
Epoch: 1, Step: 5800/10000, Actor Loss: 0.000060, Reward: -1.794621, Avg Response Len: 96.00, LR: 3.50e-08
Epoch: 1, Step: 5820/10000, Actor Loss: 0.000046, Reward: -1.433523, Avg Response Len: 96.00, LR: 3.48e-08
Epoch: 1, Step: 5840/10000, Actor Loss: 0.000092, Reward: -1.210286, Avg Response Len: 96.00, LR: 3.46e-08
Epoch: 1, Step: 5860/10000, Actor Loss: 0.000054, Reward: -1.620954, Avg Response Len: 96.00, LR: 3.44e-08
Epoch: 1, Step: 5880/10000, Actor Loss: 0.000061, Reward: -1.677878, Avg Response Len: 96.00, LR: 3.42e-08
Epoch: 1, Step: 5900/10000, Actor Loss: 0.000108, Reward: -1.437262, Avg Response Len: 96.00, LR: 3.40e-08
Epoch: 1, Step: 5920/10000, Actor Loss: 0.000084, Reward: -2.096158, Avg Response Len: 96.00, LR: 3.37e-08
Epoch: 1, Step: 5940/10000, Actor Loss: 0.000076, Reward: -0.573407, Avg Response Len: 96.00, LR: 3.35e-08
Epoch: 1, Step: 5960/10000, Actor Loss: 0.000081, Reward: -2.033516, Avg Response Len: 96.00, LR: 3.33e-08
Epoch: 1, Step: 5980/10000, Actor Loss: 0.000078, Reward: -1.819531, Avg Response Len: 96.00, LR: 3.31e-08
Epoch: 1, Step: 6000/10000, Actor Loss: 0.000047, Reward: -0.880146, Avg Response Len: 96.00, LR: 3.29e-08
Epoch: 1, Step: 6020/10000, Actor Loss: 0.000070, Reward: -0.809238, Avg Response Len: 96.00, LR: 3.27e-08
Epoch: 1, Step: 6040/10000, Actor Loss: 0.000075, Reward: -1.281683, Avg Response Len: 96.00, LR: 3.24e-08
Epoch: 1, Step: 6060/10000, Actor Loss: 0.000069, Reward: -1.554520, Avg Response Len: 96.00, LR: 3.22e-08
Epoch: 1, Step: 6080/10000, Actor Loss: 0.000072, Reward: -1.618777, Avg Response Len: 96.00, LR: 3.20e-08
Epoch: 1, Step: 6100/10000, Actor Loss: 0.000120, Reward: -1.812563, Avg Response Len: 96.00, LR: 3.18e-08
Epoch: 1, Step: 6120/10000, Actor Loss: 0.000080, Reward: -1.521161, Avg Response Len: 96.00, LR: 3.16e-08
Epoch: 1, Step: 6140/10000, Actor Loss: 0.000077, Reward: -2.283002, Avg Response Len: 96.00, LR: 3.14e-08
Epoch: 1, Step: 6160/10000, Actor Loss: 0.000101, Reward: -2.097694, Avg Response Len: 96.00, LR: 3.12e-08
Epoch: 1, Step: 6180/10000, Actor Loss: 0.000162, Reward: -1.615217, Avg Response Len: 96.00, LR: 3.10e-08
Epoch: 1, Step: 6200/10000, Actor Loss: 0.000059, Reward: -0.485571, Avg Response Len: 96.00, LR: 3.07e-08
Epoch: 1, Step: 6220/10000, Actor Loss: 0.000072, Reward: -1.511259, Avg Response Len: 90.50, LR: 3.05e-08
Epoch: 1, Step: 6240/10000, Actor Loss: 0.000080, Reward: -1.722518, Avg Response Len: 96.00, LR: 3.03e-08
Epoch: 1, Step: 6260/10000, Actor Loss: 0.000068, Reward: -2.074988, Avg Response Len: 96.00, LR: 3.01e-08
Epoch: 1, Step: 6280/10000, Actor Loss: 0.000070, Reward: -1.595866, Avg Response Len: 96.00, LR: 2.99e-08
Epoch: 1, Step: 6300/10000, Actor Loss: 0.000090, Reward: -0.587580, Avg Response Len: 96.00, LR: 2.97e-08
Epoch: 1, Step: 6320/10000, Actor Loss: 0.000084, Reward: -1.448427, Avg Response Len: 96.00, LR: 2.95e-08
Epoch: 1, Step: 6340/10000, Actor Loss: 0.000082, Reward: -1.548694, Avg Response Len: 96.00, LR: 2.93e-08
Epoch: 1, Step: 6360/10000, Actor Loss: 0.000073, Reward: -2.164941, Avg Response Len: 96.00, LR: 2.91e-08
Epoch: 1, Step: 6380/10000, Actor Loss: 0.000092, Reward: -1.447100, Avg Response Len: 96.00, LR: 2.89e-08
Epoch: 1, Step: 6400/10000, Actor Loss: 0.000037, Reward: -1.449586, Avg Response Len: 96.00, LR: 2.87e-08
Epoch: 1, Step: 6420/10000, Actor Loss: 0.000108, Reward: -0.964123, Avg Response Len: 96.00, LR: 2.85e-08
Epoch: 1, Step: 6440/10000, Actor Loss: 0.000094, Reward: -1.482862, Avg Response Len: 96.00, LR: 2.83e-08
Epoch: 1, Step: 6460/10000, Actor Loss: 0.000100, Reward: -1.159632, Avg Response Len: 96.00, LR: 2.81e-08
Epoch: 1, Step: 6480/10000, Actor Loss: 0.000118, Reward: -1.433453, Avg Response Len: 96.00, LR: 2.79e-08
Epoch: 1, Step: 6500/10000, Actor Loss: 0.000093, Reward: -1.541920, Avg Response Len: 96.00, LR: 2.77e-08
Epoch: 1, Step: 6520/10000, Actor Loss: 0.000095, Reward: -1.635027, Avg Response Len: 96.00, LR: 2.75e-08
Epoch: 1, Step: 6540/10000, Actor Loss: 0.000073, Reward: -1.073318, Avg Response Len: 96.00, LR: 2.73e-08
Epoch: 1, Step: 6560/10000, Actor Loss: 0.000063, Reward: -1.836895, Avg Response Len: 96.00, LR: 2.71e-08
Epoch: 1, Step: 6580/10000, Actor Loss: 0.000096, Reward: -1.981232, Avg Response Len: 96.00, LR: 2.69e-08
Epoch: 1, Step: 6600/10000, Actor Loss: 0.000078, Reward: -1.817951, Avg Response Len: 96.00, LR: 2.67e-08
Epoch: 1, Step: 6620/10000, Actor Loss: 0.000061, Reward: -1.614727, Avg Response Len: 96.00, LR: 2.65e-08
Epoch: 1, Step: 6640/10000, Actor Loss: 0.000095, Reward: -1.426553, Avg Response Len: 96.00, LR: 2.63e-08
Epoch: 1, Step: 6660/10000, Actor Loss: 0.000061, Reward: -2.250748, Avg Response Len: 93.00, LR: 2.61e-08
Epoch: 1, Step: 6680/10000, Actor Loss: 0.000096, Reward: -1.819791, Avg Response Len: 96.00, LR: 2.59e-08
Epoch: 1, Step: 6700/10000, Actor Loss: 0.000085, Reward: -0.626462, Avg Response Len: 93.00, LR: 2.57e-08
Epoch: 1, Step: 6720/10000, Actor Loss: 0.000150, Reward: -1.594329, Avg Response Len: 94.00, LR: 2.55e-08
Epoch: 1, Step: 6740/10000, Actor Loss: 0.000134, Reward: -2.004705, Avg Response Len: 96.00, LR: 2.53e-08
Epoch: 1, Step: 6760/10000, Actor Loss: 0.000094, Reward: -1.493354, Avg Response Len: 96.00, LR: 2.51e-08
Epoch: 1, Step: 6780/10000, Actor Loss: 0.000122, Reward: -2.010170, Avg Response Len: 96.00, LR: 2.49e-08
Epoch: 1, Step: 6800/10000, Actor Loss: 0.000045, Reward: -1.463062, Avg Response Len: 96.00, LR: 2.47e-08
Epoch: 1, Step: 6820/10000, Actor Loss: 0.000113, Reward: -1.668870, Avg Response Len: 96.00, LR: 2.45e-08
Epoch: 1, Step: 6840/10000, Actor Loss: 0.000079, Reward: -1.305643, Avg Response Len: 96.00, LR: 2.43e-08
Epoch: 1, Step: 6860/10000, Actor Loss: 0.000080, Reward: -1.836601, Avg Response Len: 96.00, LR: 2.41e-08
Epoch: 1, Step: 6880/10000, Actor Loss: 0.000090, Reward: -2.003633, Avg Response Len: 96.00, LR: 2.40e-08
Epoch: 1, Step: 6900/10000, Actor Loss: 0.000111, Reward: -1.368543, Avg Response Len: 96.00, LR: 2.38e-08
Epoch: 1, Step: 6920/10000, Actor Loss: 0.000083, Reward: -1.317537, Avg Response Len: 96.00, LR: 2.36e-08
Epoch: 1, Step: 6940/10000, Actor Loss: 0.000067, Reward: -1.331757, Avg Response Len: 96.00, LR: 2.34e-08
Epoch: 1, Step: 6960/10000, Actor Loss: 0.000068, Reward: -1.031005, Avg Response Len: 96.00, LR: 2.32e-08
Epoch: 1, Step: 6980/10000, Actor Loss: 0.000073, Reward: -1.053467, Avg Response Len: 96.00, LR: 2.30e-08
Epoch: 1, Step: 7000/10000, Actor Loss: 0.000089, Reward: -2.020539, Avg Response Len: 96.00, LR: 2.28e-08
Epoch: 1, Step: 7020/10000, Actor Loss: 0.000075, Reward: -0.978516, Avg Response Len: 96.00, LR: 2.27e-08
Epoch: 1, Step: 7040/10000, Actor Loss: 0.000076, Reward: -1.619961, Avg Response Len: 96.00, LR: 2.25e-08
Epoch: 1, Step: 7060/10000, Actor Loss: 0.000044, Reward: -1.443114, Avg Response Len: 96.00, LR: 2.23e-08
Epoch: 1, Step: 7080/10000, Actor Loss: 0.000076, Reward: -0.299980, Avg Response Len: 96.00, LR: 2.21e-08
Epoch: 1, Step: 7100/10000, Actor Loss: 0.000100, Reward: -2.455140, Avg Response Len: 96.00, LR: 2.19e-08
Epoch: 1, Step: 7120/10000, Actor Loss: 0.000131, Reward: -1.740911, Avg Response Len: 96.00, LR: 2.18e-08
Epoch: 1, Step: 7140/10000, Actor Loss: 0.000074, Reward: -1.918403, Avg Response Len: 96.00, LR: 2.16e-08
Epoch: 1, Step: 7160/10000, Actor Loss: 0.000061, Reward: -0.686228, Avg Response Len: 96.00, LR: 2.14e-08
Epoch: 1, Step: 7180/10000, Actor Loss: 0.000119, Reward: -0.992040, Avg Response Len: 96.00, LR: 2.12e-08
Epoch: 1, Step: 7200/10000, Actor Loss: 0.000116, Reward: -0.996865, Avg Response Len: 96.00, LR: 2.11e-08
Epoch: 1, Step: 7220/10000, Actor Loss: 0.000126, Reward: -1.179734, Avg Response Len: 96.00, LR: 2.09e-08
Epoch: 1, Step: 7240/10000, Actor Loss: 0.000109, Reward: -1.618496, Avg Response Len: 96.00, LR: 2.07e-08
Epoch: 1, Step: 7260/10000, Actor Loss: 0.000127, Reward: -1.463220, Avg Response Len: 96.00, LR: 2.05e-08
Epoch: 1, Step: 7280/10000, Actor Loss: 0.000144, Reward: -1.043034, Avg Response Len: 96.00, LR: 2.04e-08
Epoch: 1, Step: 7300/10000, Actor Loss: 0.000050, Reward: -0.738793, Avg Response Len: 94.00, LR: 2.02e-08
Epoch: 1, Step: 7320/10000, Actor Loss: 0.000075, Reward: -1.610042, Avg Response Len: 96.00, LR: 2.00e-08
Epoch: 1, Step: 7340/10000, Actor Loss: 0.000099, Reward: -1.883775, Avg Response Len: 96.00, LR: 1.99e-08
Epoch: 1, Step: 7360/10000, Actor Loss: 0.000103, Reward: -1.347206, Avg Response Len: 96.00, LR: 1.97e-08
Epoch: 1, Step: 7380/10000, Actor Loss: 0.000096, Reward: -1.388909, Avg Response Len: 96.00, LR: 1.95e-08
Epoch: 1, Step: 7400/10000, Actor Loss: 0.000116, Reward: -1.642073, Avg Response Len: 96.00, LR: 1.94e-08
Epoch: 1, Step: 7420/10000, Actor Loss: 0.000067, Reward: -1.955078, Avg Response Len: 85.00, LR: 1.92e-08
Epoch: 1, Step: 7440/10000, Actor Loss: 0.000074, Reward: -1.584068, Avg Response Len: 96.00, LR: 1.90e-08
Epoch: 1, Step: 7460/10000, Actor Loss: 0.000095, Reward: -1.460207, Avg Response Len: 96.00, LR: 1.89e-08
Epoch: 1, Step: 7480/10000, Actor Loss: 0.000074, Reward: -1.853143, Avg Response Len: 96.00, LR: 1.87e-08
Epoch: 1, Step: 7500/10000, Actor Loss: 0.000075, Reward: -1.905096, Avg Response Len: 96.00, LR: 1.85e-08
Epoch: 1, Step: 7520/10000, Actor Loss: 0.000097, Reward: -1.434763, Avg Response Len: 96.00, LR: 1.84e-08
Epoch: 1, Step: 7540/10000, Actor Loss: 0.000061, Reward: -1.289819, Avg Response Len: 96.00, LR: 1.82e-08
Epoch: 1, Step: 7560/10000, Actor Loss: 0.000074, Reward: -1.875645, Avg Response Len: 81.50, LR: 1.81e-08
Epoch: 1, Step: 7580/10000, Actor Loss: 0.000084, Reward: -1.638184, Avg Response Len: 96.00, LR: 1.79e-08
Epoch: 1, Step: 7600/10000, Actor Loss: 0.000099, Reward: -1.556235, Avg Response Len: 96.00, LR: 1.78e-08
Epoch: 1, Step: 7620/10000, Actor Loss: 0.000050, Reward: -2.507514, Avg Response Len: 96.00, LR: 1.76e-08
Epoch: 1, Step: 7640/10000, Actor Loss: 0.000120, Reward: -1.578207, Avg Response Len: 96.00, LR: 1.74e-08
Epoch: 1, Step: 7660/10000, Actor Loss: 0.000089, Reward: -1.340007, Avg Response Len: 96.00, LR: 1.73e-08
Epoch: 1, Step: 7680/10000, Actor Loss: 0.000088, Reward: -1.955867, Avg Response Len: 96.00, LR: 1.71e-08
Epoch: 1, Step: 7700/10000, Actor Loss: 0.000098, Reward: -1.542665, Avg Response Len: 96.00, LR: 1.70e-08
Epoch: 1, Step: 7720/10000, Actor Loss: 0.000101, Reward: -1.859016, Avg Response Len: 96.00, LR: 1.68e-08
Epoch: 1, Step: 7740/10000, Actor Loss: 0.000113, Reward: -1.259914, Avg Response Len: 96.00, LR: 1.67e-08
Epoch: 1, Step: 7760/10000, Actor Loss: 0.000083, Reward: -1.611633, Avg Response Len: 96.00, LR: 1.66e-08
Epoch: 1, Step: 7780/10000, Actor Loss: 0.000069, Reward: -1.070312, Avg Response Len: 96.00, LR: 1.64e-08
Epoch: 1, Step: 7800/10000, Actor Loss: 0.000128, Reward: -2.019566, Avg Response Len: 96.00, LR: 1.63e-08
Epoch: 1, Step: 7820/10000, Actor Loss: 0.000072, Reward: -2.557124, Avg Response Len: 96.00, LR: 1.61e-08
Epoch: 1, Step: 7840/10000, Actor Loss: 0.000099, Reward: -0.635249, Avg Response Len: 96.00, LR: 1.60e-08
Epoch: 1, Step: 7860/10000, Actor Loss: 0.000119, Reward: -2.272840, Avg Response Len: 96.00, LR: 1.58e-08
Epoch: 1, Step: 7880/10000, Actor Loss: 0.000097, Reward: -1.238632, Avg Response Len: 96.00, LR: 1.57e-08
Epoch: 1, Step: 7900/10000, Actor Loss: 0.000100, Reward: -1.064682, Avg Response Len: 96.00, LR: 1.56e-08
Epoch: 1, Step: 7920/10000, Actor Loss: 0.000100, Reward: -1.508881, Avg Response Len: 96.00, LR: 1.54e-08
Epoch: 1, Step: 7940/10000, Actor Loss: 0.000089, Reward: -1.805270, Avg Response Len: 96.00, LR: 1.53e-08
Epoch: 1, Step: 7960/10000, Actor Loss: 0.000081, Reward: -1.868266, Avg Response Len: 96.00, LR: 1.51e-08
Epoch: 1, Step: 7980/10000, Actor Loss: 0.000078, Reward: -0.941607, Avg Response Len: 96.00, LR: 1.50e-08
Epoch: 1, Step: 8000/10000, Actor Loss: 0.000100, Reward: -0.748311, Avg Response Len: 96.00, LR: 1.49e-08
Epoch: 1, Step: 8020/10000, Actor Loss: 0.000094, Reward: -0.757622, Avg Response Len: 96.00, LR: 1.47e-08
Epoch: 1, Step: 8040/10000, Actor Loss: 0.000105, Reward: -1.462029, Avg Response Len: 96.00, LR: 1.46e-08
Epoch: 1, Step: 8060/10000, Actor Loss: 0.000118, Reward: -1.920030, Avg Response Len: 96.00, LR: 1.45e-08
Epoch: 1, Step: 8080/10000, Actor Loss: 0.000085, Reward: -0.747377, Avg Response Len: 96.00, LR: 1.44e-08
Epoch: 1, Step: 8100/10000, Actor Loss: 0.000074, Reward: -1.196728, Avg Response Len: 96.00, LR: 1.42e-08
Epoch: 1, Step: 8120/10000, Actor Loss: 0.000074, Reward: -1.507343, Avg Response Len: 96.00, LR: 1.41e-08
Epoch: 1, Step: 8140/10000, Actor Loss: 0.000078, Reward: -1.838693, Avg Response Len: 96.00, LR: 1.40e-08
Epoch: 1, Step: 8160/10000, Actor Loss: 0.000074, Reward: -2.200222, Avg Response Len: 96.00, LR: 1.38e-08
Epoch: 1, Step: 8180/10000, Actor Loss: 0.000116, Reward: -1.783428, Avg Response Len: 96.00, LR: 1.37e-08
Epoch: 1, Step: 8200/10000, Actor Loss: 0.000113, Reward: -1.240630, Avg Response Len: 96.00, LR: 1.36e-08
Epoch: 1, Step: 8220/10000, Actor Loss: 0.000080, Reward: -0.836983, Avg Response Len: 96.00, LR: 1.35e-08
Epoch: 1, Step: 8240/10000, Actor Loss: 0.000097, Reward: -2.074082, Avg Response Len: 96.00, LR: 1.34e-08
Epoch: 1, Step: 8260/10000, Actor Loss: 0.000077, Reward: -2.350261, Avg Response Len: 96.00, LR: 1.32e-08
Epoch: 1, Step: 8280/10000, Actor Loss: 0.000040, Reward: -2.334341, Avg Response Len: 96.00, LR: 1.31e-08
Epoch: 1, Step: 8300/10000, Actor Loss: 0.000090, Reward: -0.703854, Avg Response Len: 96.00, LR: 1.30e-08
Epoch: 1, Step: 8320/10000, Actor Loss: 0.000089, Reward: -1.802055, Avg Response Len: 96.00, LR: 1.29e-08
Epoch: 1, Step: 8340/10000, Actor Loss: 0.000085, Reward: -1.986633, Avg Response Len: 96.00, LR: 1.28e-08
Epoch: 1, Step: 8360/10000, Actor Loss: 0.000076, Reward: -1.833477, Avg Response Len: 96.00, LR: 1.27e-08
Epoch: 1, Step: 8380/10000, Actor Loss: 0.000051, Reward: -1.884631, Avg Response Len: 96.00, LR: 1.26e-08
Epoch: 1, Step: 8400/10000, Actor Loss: 0.000104, Reward: -1.833375, Avg Response Len: 96.00, LR: 1.25e-08
Epoch: 1, Step: 8420/10000, Actor Loss: 0.000076, Reward: -1.563777, Avg Response Len: 96.00, LR: 1.23e-08
Epoch: 1, Step: 8440/10000, Actor Loss: 0.000081, Reward: -1.601381, Avg Response Len: 96.00, LR: 1.22e-08
Epoch: 1, Step: 8460/10000, Actor Loss: 0.000085, Reward: -1.518165, Avg Response Len: 96.00, LR: 1.21e-08
Epoch: 1, Step: 8480/10000, Actor Loss: 0.000079, Reward: -1.748768, Avg Response Len: 96.00, LR: 1.20e-08
Epoch: 1, Step: 8500/10000, Actor Loss: 0.000100, Reward: -1.760723, Avg Response Len: 96.00, LR: 1.19e-08
Epoch: 1, Step: 8520/10000, Actor Loss: 0.000137, Reward: -1.152103, Avg Response Len: 96.00, LR: 1.18e-08
Epoch: 1, Step: 8540/10000, Actor Loss: 0.000076, Reward: -1.324548, Avg Response Len: 96.00, LR: 1.17e-08
Epoch: 1, Step: 8560/10000, Actor Loss: 0.000133, Reward: -2.481967, Avg Response Len: 96.00, LR: 1.16e-08
Epoch: 1, Step: 8580/10000, Actor Loss: 0.000119, Reward: -1.088102, Avg Response Len: 96.00, LR: 1.15e-08
Epoch: 1, Step: 8600/10000, Actor Loss: 0.000106, Reward: -1.643461, Avg Response Len: 96.00, LR: 1.14e-08
Epoch: 1, Step: 8620/10000, Actor Loss: 0.000071, Reward: -1.894795, Avg Response Len: 96.00, LR: 1.13e-08
Epoch: 1, Step: 8640/10000, Actor Loss: 0.000096, Reward: -1.611348, Avg Response Len: 93.50, LR: 1.12e-08
Epoch: 1, Step: 8660/10000, Actor Loss: 0.000113, Reward: -1.156821, Avg Response Len: 96.00, LR: 1.11e-08
Epoch: 1, Step: 8680/10000, Actor Loss: 0.000127, Reward: -1.898913, Avg Response Len: 96.00, LR: 1.11e-08
Epoch: 1, Step: 8700/10000, Actor Loss: 0.000051, Reward: -1.836889, Avg Response Len: 96.00, LR: 1.10e-08
Epoch: 1, Step: 8720/10000, Actor Loss: 0.000087, Reward: -2.252636, Avg Response Len: 96.00, LR: 1.09e-08
Epoch: 1, Step: 8740/10000, Actor Loss: 0.000106, Reward: -1.851768, Avg Response Len: 96.00, LR: 1.08e-08
Epoch: 1, Step: 8760/10000, Actor Loss: 0.000117, Reward: -1.666376, Avg Response Len: 96.00, LR: 1.07e-08
Epoch: 1, Step: 8780/10000, Actor Loss: 0.000131, Reward: -2.194764, Avg Response Len: 96.00, LR: 1.06e-08
Epoch: 1, Step: 8800/10000, Actor Loss: 0.000098, Reward: -0.851994, Avg Response Len: 96.00, LR: 1.05e-08
Epoch: 1, Step: 8820/10000, Actor Loss: 0.000123, Reward: -1.633603, Avg Response Len: 96.00, LR: 1.04e-08
Epoch: 1, Step: 8840/10000, Actor Loss: 0.000094, Reward: -0.971312, Avg Response Len: 96.00, LR: 1.04e-08
Epoch: 1, Step: 8860/10000, Actor Loss: 0.000080, Reward: -1.914612, Avg Response Len: 96.00, LR: 1.03e-08
Epoch: 1, Step: 8880/10000, Actor Loss: 0.000098, Reward: -1.040361, Avg Response Len: 96.00, LR: 1.02e-08
Epoch: 1, Step: 8900/10000, Actor Loss: 0.000102, Reward: -1.804485, Avg Response Len: 96.00, LR: 1.01e-08
Epoch: 1, Step: 8920/10000, Actor Loss: 0.000130, Reward: -1.135919, Avg Response Len: 96.00, LR: 1.01e-08
Epoch: 1, Step: 8940/10000, Actor Loss: 0.000092, Reward: -1.163275, Avg Response Len: 96.00, LR: 9.98e-09
Epoch: 1, Step: 8960/10000, Actor Loss: 0.000171, Reward: -2.373495, Avg Response Len: 96.00, LR: 9.90e-09
Epoch: 1, Step: 8980/10000, Actor Loss: 0.000111, Reward: -0.747806, Avg Response Len: 96.00, LR: 9.83e-09
Epoch: 1, Step: 9000/10000, Actor Loss: 0.000081, Reward: -0.951849, Avg Response Len: 96.00, LR: 9.76e-09
Epoch: 1, Step: 9020/10000, Actor Loss: 0.000074, Reward: -1.627860, Avg Response Len: 96.00, LR: 9.69e-09
Epoch: 1, Step: 9040/10000, Actor Loss: 0.000077, Reward: -1.123083, Avg Response Len: 96.00, LR: 9.62e-09
Epoch: 1, Step: 9060/10000, Actor Loss: 0.000080, Reward: -1.250687, Avg Response Len: 96.00, LR: 9.56e-09
Epoch: 1, Step: 9080/10000, Actor Loss: 0.000114, Reward: -0.172987, Avg Response Len: 96.00, LR: 9.49e-09
Epoch: 1, Step: 9100/10000, Actor Loss: 0.000103, Reward: -2.116562, Avg Response Len: 96.00, LR: 9.43e-09
Epoch: 1, Step: 9120/10000, Actor Loss: 0.000072, Reward: -1.450671, Avg Response Len: 96.00, LR: 9.37e-09
Epoch: 1, Step: 9140/10000, Actor Loss: 0.000086, Reward: -0.915323, Avg Response Len: 96.00, LR: 9.31e-09
Epoch: 1, Step: 9160/10000, Actor Loss: 0.000121, Reward: -2.042120, Avg Response Len: 96.00, LR: 9.25e-09
Epoch: 1, Step: 9180/10000, Actor Loss: 0.000117, Reward: -1.290726, Avg Response Len: 96.00, LR: 9.19e-09
Epoch: 1, Step: 9200/10000, Actor Loss: 0.000071, Reward: -1.858765, Avg Response Len: 96.00, LR: 9.13e-09
Epoch: 1, Step: 9220/10000, Actor Loss: 0.000099, Reward: -1.113030, Avg Response Len: 96.00, LR: 9.08e-09
Epoch: 1, Step: 9240/10000, Actor Loss: 0.000126, Reward: -1.668413, Avg Response Len: 96.00, LR: 9.02e-09
Epoch: 1, Step: 9260/10000, Actor Loss: 0.000079, Reward: -1.840351, Avg Response Len: 96.00, LR: 8.97e-09
Epoch: 1, Step: 9280/10000, Actor Loss: 0.000119, Reward: -0.869039, Avg Response Len: 96.00, LR: 8.92e-09
Epoch: 1, Step: 9300/10000, Actor Loss: 0.000081, Reward: -1.097905, Avg Response Len: 96.00, LR: 8.87e-09
Epoch: 1, Step: 9320/10000, Actor Loss: 0.000128, Reward: 0.086097, Avg Response Len: 96.00, LR: 8.82e-09
Epoch: 1, Step: 9340/10000, Actor Loss: 0.000099, Reward: -1.650522, Avg Response Len: 88.50, LR: 8.77e-09
Epoch: 1, Step: 9360/10000, Actor Loss: 0.000099, Reward: -0.784528, Avg Response Len: 95.00, LR: 8.73e-09
Epoch: 1, Step: 9380/10000, Actor Loss: 0.000098, Reward: -1.812042, Avg Response Len: 96.00, LR: 8.68e-09
Epoch: 1, Step: 9400/10000, Actor Loss: 0.000060, Reward: -1.676379, Avg Response Len: 96.00, LR: 8.64e-09
Epoch: 1, Step: 9420/10000, Actor Loss: 0.000102, Reward: -1.732873, Avg Response Len: 96.00, LR: 8.60e-09
Epoch: 1, Step: 9440/10000, Actor Loss: 0.000122, Reward: -1.674889, Avg Response Len: 96.00, LR: 8.56e-09
Epoch: 1, Step: 9460/10000, Actor Loss: 0.000140, Reward: -1.982105, Avg Response Len: 96.00, LR: 8.52e-09
Epoch: 1, Step: 9480/10000, Actor Loss: 0.000161, Reward: -1.832357, Avg Response Len: 96.00, LR: 8.48e-09
Epoch: 1, Step: 9500/10000, Actor Loss: 0.000087, Reward: -1.660743, Avg Response Len: 96.00, LR: 8.44e-09
Epoch: 1, Step: 9520/10000, Actor Loss: 0.000106, Reward: -2.320306, Avg Response Len: 96.00, LR: 8.41e-09
Epoch: 1, Step: 9540/10000, Actor Loss: 0.000099, Reward: -1.347560, Avg Response Len: 96.00, LR: 8.38e-09
Epoch: 1, Step: 9560/10000, Actor Loss: 0.000103, Reward: -1.394878, Avg Response Len: 96.00, LR: 8.34e-09
Epoch: 1, Step: 9580/10000, Actor Loss: 0.000112, Reward: -1.756822, Avg Response Len: 96.00, LR: 8.31e-09
Epoch: 1, Step: 9600/10000, Actor Loss: 0.000097, Reward: -1.931504, Avg Response Len: 96.00, LR: 8.28e-09
Epoch: 1, Step: 9620/10000, Actor Loss: 0.000063, Reward: -2.050711, Avg Response Len: 96.00, LR: 8.26e-09
Epoch: 1, Step: 9640/10000, Actor Loss: 0.000108, Reward: -1.069648, Avg Response Len: 96.00, LR: 8.23e-09
Epoch: 1, Step: 9660/10000, Actor Loss: 0.000138, Reward: -1.785649, Avg Response Len: 96.00, LR: 8.21e-09
Epoch: 1, Step: 9680/10000, Actor Loss: 0.000104, Reward: -1.872251, Avg Response Len: 96.00, LR: 8.18e-09
Epoch: 1, Step: 9700/10000, Actor Loss: 0.000055, Reward: -2.219894, Avg Response Len: 96.00, LR: 8.16e-09
Epoch: 1, Step: 9720/10000, Actor Loss: 0.000070, Reward: -1.768820, Avg Response Len: 96.00, LR: 8.14e-09
Epoch: 1, Step: 9740/10000, Actor Loss: 0.000080, Reward: -1.130402, Avg Response Len: 96.00, LR: 8.12e-09
Epoch: 1, Step: 9760/10000, Actor Loss: 0.000173, Reward: -1.120481, Avg Response Len: 96.00, LR: 8.10e-09
Epoch: 1, Step: 9780/10000, Actor Loss: 0.000078, Reward: -1.788381, Avg Response Len: 96.00, LR: 8.09e-09
Epoch: 1, Step: 9800/10000, Actor Loss: 0.000077, Reward: -1.398288, Avg Response Len: 96.00, LR: 8.07e-09
Epoch: 1, Step: 9820/10000, Actor Loss: 0.000078, Reward: -1.560068, Avg Response Len: 96.00, LR: 8.06e-09
Epoch: 1, Step: 9840/10000, Actor Loss: 0.000058, Reward: -1.774316, Avg Response Len: 96.00, LR: 8.05e-09
Epoch: 1, Step: 9860/10000, Actor Loss: 0.000064, Reward: -1.822041, Avg Response Len: 96.00, LR: 8.03e-09
Epoch: 1, Step: 9880/10000, Actor Loss: 0.000095, Reward: 0.054476, Avg Response Len: 85.50, LR: 8.03e-09
Epoch: 1, Step: 9900/10000, Actor Loss: 0.000096, Reward: -2.516178, Avg Response Len: 96.00, LR: 8.02e-09
Epoch: 1, Step: 9920/10000, Actor Loss: 0.000080, Reward: -1.373099, Avg Response Len: 96.00, LR: 8.01e-09
Epoch: 1, Step: 9940/10000, Actor Loss: 0.000074, Reward: -2.014813, Avg Response Len: 96.00, LR: 8.01e-09
Epoch: 1, Step: 9960/10000, Actor Loss: 0.000067, Reward: -1.832402, Avg Response Len: 96.00, LR: 8.00e-09
Epoch: 1, Step: 9980/10000, Actor Loss: 0.000073, Reward: -2.127666, Avg Response Len: 96.00, LR: 8.00e-09
Epoch: 1, Step: 10000/10000, Actor Loss: 0.000096, Reward: -2.056959, Avg Response Len: 96.00, LR: 8.00e-09
