所加载Model可训练参数：25.830 百万
Epoch:[1/1] batch:1/2500, optimizer_step:1, loss:2.3323, grad_norm:2.6513, lr:0.00000050, elapsed:0.0min
Epoch:[1/1] batch:50/2500, optimizer_step:50, loss:2.5411, grad_norm:2.3134, lr:0.00000050, elapsed:0.1min
Epoch:[1/1] batch:100/2500, optimizer_step:100, loss:2.3429, grad_norm:2.3437, lr:0.00000050, elapsed:0.1min
Epoch:[1/1] batch:150/2500, optimizer_step:150, loss:2.5168, grad_norm:2.5263, lr:0.00000050, elapsed:0.2min
Epoch:[1/1] batch:200/2500, optimizer_step:200, loss:2.3873, grad_norm:2.3671, lr:0.00000049, elapsed:0.2min
Epoch:[1/1] batch:250/2500, optimizer_step:250, loss:2.3079, grad_norm:2.3636, lr:0.00000049, elapsed:0.3min
Epoch:[1/1] batch:300/2500, optimizer_step:300, loss:2.3218, grad_norm:2.3428, lr:0.00000048, elapsed:0.3min
Epoch:[1/1] batch:350/2500, optimizer_step:350, loss:2.3867, grad_norm:2.4558, lr:0.00000048, elapsed:0.4min
Epoch:[1/1] batch:400/2500, optimizer_step:400, loss:2.4641, grad_norm:2.5166, lr:0.00000047, elapsed:0.4min
Epoch:[1/1] batch:450/2500, optimizer_step:450, loss:2.3471, grad_norm:2.5005, lr:0.00000046, elapsed:0.5min
Epoch:[1/1] batch:500/2500, optimizer_step:500, loss:2.3349, grad_norm:2.4669, lr:0.00000046, elapsed:0.5min
权重已保存: /root/autodl-tmp/MokioMind/out/advertise_sft_mixed_coverage_ep1_512.pth
Epoch:[1/1] batch:550/2500, optimizer_step:550, loss:2.2594, grad_norm:2.5305, lr:0.00000045, elapsed:0.6min
Epoch:[1/1] batch:600/2500, optimizer_step:600, loss:2.3664, grad_norm:2.5060, lr:0.00000044, elapsed:0.6min
Epoch:[1/1] batch:650/2500, optimizer_step:650, loss:2.6083, grad_norm:2.5718, lr:0.00000043, elapsed:0.7min
Epoch:[1/1] batch:700/2500, optimizer_step:700, loss:2.3048, grad_norm:2.4040, lr:0.00000042, elapsed:0.8min
Epoch:[1/1] batch:750/2500, optimizer_step:750, loss:2.4438, grad_norm:2.5790, lr:0.00000041, elapsed:0.8min
Epoch:[1/1] batch:800/2500, optimizer_step:800, loss:2.4569, grad_norm:2.3162, lr:0.00000040, elapsed:0.8min
Epoch:[1/1] batch:850/2500, optimizer_step:850, loss:2.5932, grad_norm:2.6764, lr:0.00000038, elapsed:0.9min
Epoch:[1/1] batch:900/2500, optimizer_step:900, loss:2.4239, grad_norm:2.3864, lr:0.00000037, elapsed:0.9min
Epoch:[1/1] batch:950/2500, optimizer_step:950, loss:2.4274, grad_norm:2.5621, lr:0.00000036, elapsed:1.0min
Epoch:[1/1] batch:1000/2500, optimizer_step:1000, loss:2.4059, grad_norm:2.4030, lr:0.00000034, elapsed:1.0min
权重已保存: /root/autodl-tmp/MokioMind/out/advertise_sft_mixed_coverage_ep1_512.pth
Epoch:[1/1] batch:1050/2500, optimizer_step:1050, loss:2.0960, grad_norm:2.4483, lr:0.00000033, elapsed:1.1min
Epoch:[1/1] batch:1100/2500, optimizer_step:1100, loss:2.3231, grad_norm:2.5421, lr:0.00000032, elapsed:1.1min
Epoch:[1/1] batch:1150/2500, optimizer_step:1150, loss:2.4069, grad_norm:2.8322, lr:0.00000030, elapsed:1.2min
Epoch:[1/1] batch:1200/2500, optimizer_step:1200, loss:2.5025, grad_norm:2.5055, lr:0.00000029, elapsed:1.2min
Epoch:[1/1] batch:1250/2500, optimizer_step:1250, loss:2.4365, grad_norm:2.4658, lr:0.00000028, elapsed:1.2min
Epoch:[1/1] batch:1300/2500, optimizer_step:1300, loss:2.3994, grad_norm:2.4877, lr:0.00000026, elapsed:1.3min
Epoch:[1/1] batch:1350/2500, optimizer_step:1350, loss:2.4528, grad_norm:2.6542, lr:0.00000025, elapsed:1.3min
Epoch:[1/1] batch:1400/2500, optimizer_step:1400, loss:2.2162, grad_norm:2.4702, lr:0.00000023, elapsed:1.4min
Epoch:[1/1] batch:1450/2500, optimizer_step:1450, loss:2.5981, grad_norm:2.8492, lr:0.00000022, elapsed:1.4min
Epoch:[1/1] batch:1500/2500, optimizer_step:1500, loss:2.5155, grad_norm:2.6316, lr:0.00000021, elapsed:1.4min
权重已保存: /root/autodl-tmp/MokioMind/out/advertise_sft_mixed_coverage_ep1_512.pth
Epoch:[1/1] batch:1550/2500, optimizer_step:1550, loss:2.2841, grad_norm:2.3689, lr:0.00000019, elapsed:1.5min
Epoch:[1/1] batch:1600/2500, optimizer_step:1600, loss:2.5426, grad_norm:2.3784, lr:0.00000018, elapsed:1.5min
Epoch:[1/1] batch:1650/2500, optimizer_step:1650, loss:2.4798, grad_norm:2.3459, lr:0.00000017, elapsed:1.6min
Epoch:[1/1] batch:1700/2500, optimizer_step:1700, loss:2.4163, grad_norm:2.8480, lr:0.00000015, elapsed:1.6min
Epoch:[1/1] batch:1750/2500, optimizer_step:1750, loss:2.5244, grad_norm:2.5812, lr:0.00000014, elapsed:1.7min
Epoch:[1/1] batch:1800/2500, optimizer_step:1800, loss:2.3492, grad_norm:2.5751, lr:0.00000013, elapsed:1.7min
Epoch:[1/1] batch:1850/2500, optimizer_step:1850, loss:2.5165, grad_norm:2.4464, lr:0.00000012, elapsed:1.8min
Epoch:[1/1] batch:1900/2500, optimizer_step:1900, loss:2.3697, grad_norm:2.4659, lr:0.00000011, elapsed:1.8min
Epoch:[1/1] batch:1950/2500, optimizer_step:1950, loss:2.4852, grad_norm:2.7772, lr:0.00000010, elapsed:1.8min
Epoch:[1/1] batch:2000/2500, optimizer_step:2000, loss:2.4032, grad_norm:2.8536, lr:0.00000009, elapsed:1.9min
权重已保存: /root/autodl-tmp/MokioMind/out/advertise_sft_mixed_coverage_ep1_512.pth
Epoch:[1/1] batch:2050/2500, optimizer_step:2050, loss:2.3524, grad_norm:2.4942, lr:0.00000009, elapsed:1.9min
Epoch:[1/1] batch:2100/2500, optimizer_step:2100, loss:2.3813, grad_norm:2.5168, lr:0.00000008, elapsed:2.0min
Epoch:[1/1] batch:2150/2500, optimizer_step:2150, loss:2.4026, grad_norm:2.2451, lr:0.00000007, elapsed:2.0min
Epoch:[1/1] batch:2200/2500, optimizer_step:2200, loss:2.4825, grad_norm:2.5488, lr:0.00000007, elapsed:2.1min
Epoch:[1/1] batch:2250/2500, optimizer_step:2250, loss:2.4626, grad_norm:2.6569, lr:0.00000006, elapsed:2.1min
Epoch:[1/1] batch:2300/2500, optimizer_step:2300, loss:2.4654, grad_norm:2.5267, lr:0.00000006, elapsed:2.2min
Epoch:[1/1] batch:2350/2500, optimizer_step:2350, loss:2.3221, grad_norm:2.3585, lr:0.00000005, elapsed:2.2min
Epoch:[1/1] batch:2400/2500, optimizer_step:2400, loss:2.3621, grad_norm:2.4451, lr:0.00000005, elapsed:2.2min
Epoch:[1/1] batch:2450/2500, optimizer_step:2450, loss:2.3712, grad_norm:2.6064, lr:0.00000005, elapsed:2.3min
Epoch:[1/1] batch:2500/2500, optimizer_step:2500, loss:2.6084, grad_norm:2.5807, lr:0.00000005, elapsed:2.3min
权重已保存: /root/autodl-tmp/MokioMind/out/advertise_sft_mixed_coverage_ep1_512.pth
Validation: optimizer_step:2500, loss:2.4163
权重已保存: /root/autodl-tmp/MokioMind/out/advertise_sft_mixed_coverage_ep1_best_512.pth
权重已保存: /root/autodl-tmp/MokioMind/out/advertise_sft_mixed_coverage_ep1_512.pth
重新加载 advertise_sft_mixed_coverage_ep1_best checkpoint 并执行生成检查
所加载Model可训练参数：25.830 百万
[生成检查 1] 输入: 商品属性：类型#裙*版型#宽松*风格#文艺*裙下摆#压褶*裙长#连衣裙
[生成检查 1] 输出: 这款连衣裙采用了宽松的版型设计，穿着舒适，穿着舒适。宽松的版型设计，穿着舒适，穿着舒适。腰部的压褶设计，穿着舒适，穿着舒适。
[生成检查 2] 输入: 请根据以下商品信息生成一段中文电商广告文案：类型为裙，版型为宽松，风格为文艺，裙下摆为压褶，裙长为连衣裙。
[生成检查 2] 输出: 这款连衣裙采用了宽松的版型设计，穿着舒适，穿着舒适，穿着舒适，穿着舒适，穿着舒适，穿着舒适，穿着舒适，穿着舒适，穿着舒适，穿着舒适，穿着舒适，穿着舒适，穿着舒适，穿着舒适，穿着舒适，穿着舒适，穿着舒适，穿着舒适，穿着舒适，穿着舒适，穿
[生成检查 3] 输入: 商品属性：类型#上衣*版型#宽松*版型#显瘦*颜色#灰色*风格#街头*风格#清新*图案#条纹*衣样式#卫衣*衣长#短款*衣款式#抽绳*衣款式#连帽
[生成检查 3] 输出: 这款卫衣采用了宽松的版型，宽松的版型，穿着舒适，穿着舒适。宽松的版型，穿着舒适，穿着舒适，穿着舒适。
[生成检查 4] 输入: 请根据以下商品信息生成一段中文电商广告文案：类型为上衣，版型为宽松、显瘦，颜色为灰色，风格为街头、清新，图案为条纹，衣样式为卫衣，衣长为短款，衣款式为抽绳、连帽。
[生成检查 4] 输出: 这款卫衣采用了宽松的版型设计，穿着舒适，穿着舒适。宽松的版型设计，穿着舒适，穿着舒适。连帽的设计，穿着舒适，穿着舒适。
[生成检查 5] 输入: 商品属性：类型#裤*风格#简约*风格#ol*裤型#阔腿裤
[生成检查 5] 输出: 这款裤子采用了简约的阔腿裤，采用了阔腿裤的版型，穿着舒适又显腿长。裤身采用了简约的阔腿裤，穿着舒适又显腿长。
