usage: train_full_sft.py [-h] [--save_dir SAVE_DIR]
                         [--checkpoint_dir CHECKPOINT_DIR]
                         [--save_weight SAVE_WEIGHT] [--epochs EPOCHS]
                         [--batch_size BATCH_SIZE]
                         [--learning_rate LEARNING_RATE] [--device DEVICE]
                         [--dtype {bfloat16,float16}]
                         [--num_workers NUM_WORKERS]
                         [--accumulation_steps ACCUMULATION_STEPS]
                         [--grad_clip GRAD_CLIP] [--log_interval LOG_INTERVAL]
                         [--save_interval SAVE_INTERVAL]
                         [--val_interval VAL_INTERVAL]
                         [--val_batches VAL_BATCHES] [--max_steps MAX_STEPS]
                         [--hidden_size HIDDEN_SIZE]
                         [--num_hidden_layers NUM_HIDDEN_LAYERS]
                         [--max_seq_len MAX_SEQ_LEN] [--use_moe {0,1}]
                         --data_path DATA_PATH [--val_data_path VAL_DATA_PATH]
                         [--from_weight FROM_WEIGHT] [--from_resume {0,1}]
                         [--seed SEED]
                         [--smoke_generate_samples SMOKE_GENERATE_SAMPLES]
                         [--smoke_max_new_tokens SMOKE_MAX_NEW_TOKENS]
                         [--use_wandb] [--wandb_project WANDB_PROJECT]
                         [--use_compile {0,1}]
train_full_sft.py: error: unrecognized arguments: --generation_do_sample 0 --generation_temperature 0.75 --generation_top_p 0.9 --generation_repetition_penalty 1.0 --generation_no_repeat_ngram_size 0
