所加载Model可训练参数：25.830 百万

Generating train split: 0 examples [00:00, ? examples/s]
Generating train split: 5000 examples [00:00, 84449.87 examples/s]

Generating train split: 0 examples [00:00, ? examples/s]
Generating train split: 998 examples [00:00, 68672.22 examples/s]
Epoch:[1/1] batch:1/625, optimizer_step:1, loss:2.4050, grad_norm:2.3950, lr:0.00000050, elapsed:0.0min
Epoch:[1/1] batch:50/625, optimizer_step:50, loss:2.4554, grad_norm:2.5831, lr:0.00000049, elapsed:0.1min
Epoch:[1/1] batch:100/625, optimizer_step:100, loss:2.3816, grad_norm:2.5272, lr:0.00000047, elapsed:0.1min
Epoch:[1/1] batch:150/625, optimizer_step:150, loss:2.3767, grad_norm:2.4006, lr:0.00000044, elapsed:0.1min
Epoch:[1/1] batch:200/625, optimizer_step:200, loss:2.3879, grad_norm:2.4508, lr:0.00000040, elapsed:0.2min
Epoch:[1/1] batch:250/625, optimizer_step:250, loss:2.3419, grad_norm:2.4354, lr:0.00000034, elapsed:0.2min
Epoch:[1/1] batch:300/625, optimizer_step:300, loss:2.1233, grad_norm:2.4294, lr:0.00000029, elapsed:0.2min
Epoch:[1/1] batch:350/625, optimizer_step:350, loss:2.3247, grad_norm:2.2943, lr:0.00000023, elapsed:0.3min
Epoch:[1/1] batch:400/625, optimizer_step:400, loss:2.3465, grad_norm:2.5354, lr:0.00000018, elapsed:0.3min
Epoch:[1/1] batch:450/625, optimizer_step:450, loss:2.4785, grad_norm:2.5022, lr:0.00000013, elapsed:0.4min
Epoch:[1/1] batch:500/625, optimizer_step:500, loss:2.2663, grad_norm:2.3754, lr:0.00000009, elapsed:0.4min
权重已保存: /root/autodl-tmp/MokioMind/out/advertise_sft_coverage_ep1_512.pth
Epoch:[1/1] batch:550/625, optimizer_step:550, loss:2.2667, grad_norm:2.3851, lr:0.00000007, elapsed:0.4min
Epoch:[1/1] batch:600/625, optimizer_step:600, loss:2.3862, grad_norm:2.4738, lr:0.00000005, elapsed:0.5min
Validation: optimizer_step:625, loss:2.4253
权重已保存: /root/autodl-tmp/MokioMind/out/advertise_sft_coverage_ep1_best_512.pth
权重已保存: /root/autodl-tmp/MokioMind/out/advertise_sft_coverage_ep1_512.pth
重新加载 advertise_sft_coverage_ep1_best checkpoint 并执行生成检查
所加载Model可训练参数：25.830 百万
[生成检查 1] 输入: 商品属性：类型#裙*版型#宽松*风格#文艺*裙下摆#压褶*裙长#连衣裙
[生成检查 1] 输出: 这款连衣裙采用了宽松的版型设计，穿着舒适，穿着舒适。宽松的版型设计，穿着舒适，穿着舒适。腰部的压褶设计，穿着舒适，穿着舒适。
[生成检查 2] 输入: 请根据以下商品信息生成一段中文电商广告文案：类型为裙，版型为宽松，风格为文艺，裙下摆为压褶，裙长为连衣裙。
[生成检查 2] 输出: 这款连衣裙采用了宽松的版型设计，穿着舒适，穿着舒适，穿着舒适，穿着舒适，穿着舒适，穿着舒适，穿着舒适，穿着舒适，穿着舒适，穿着舒适，穿着舒适，穿着舒适，穿着舒适，穿着舒适，穿着舒适，穿着舒适，穿着舒适，穿着舒适，穿着舒适，穿着舒适，穿
[生成检查 3] 输入: 商品属性：类型#上衣*版型#宽松*版型#显瘦*颜色#灰色*风格#街头*风格#清新*图案#条纹*衣样式#卫衣*衣长#短款*衣款式#抽绳*衣款式#连帽
[生成检查 3] 输出: 这款卫衣采用了宽松的版型，宽松的版型，穿着舒适，穿着舒适。宽松的版型，穿着舒适，穿着舒适，穿着舒适。
[生成检查 4] 输入: 请根据以下商品信息生成一段中文电商广告文案：类型为上衣，版型为宽松、显瘦，颜色为灰色，风格为街头、清新，图案为条纹，衣样式为卫衣，衣长为短款，衣款式为抽绳、连帽。
[生成检查 4] 输出: 这款卫衣采用了宽松的版型设计，穿着舒适，穿着舒适，穿着舒适，穿着舒适，穿着舒适，穿着舒适，穿着舒适，穿着舒适，穿着舒适，穿着舒适，穿着舒适，穿着舒适，穿着舒适，穿着舒适，穿着舒适，穿着舒适，穿着舒适，穿着舒适，穿着舒适，穿着舒适，穿着舒适
[生成检查 5] 输入: 商品属性：类型#裤*风格#简约*风格#ol*裤型#阔腿裤
[生成检查 5] 输出: 这款裤子采用了简约的阔腿裤，采用了阔腿裤的版型，穿着舒适又不失时尚感。裤脚采用了阔腿裤的版型，穿着舒适又不失时尚感。
